motorDriverInterface.c:22:6:HAL_UART_RxCpltCallback	16	static
motorDriverInterface.c:33:13:MDI_writeCommand	16	static
motorDriverInterface.c:42:13:MDI_writeSmallData	16	static
motorDriverInterface.c:52:13:MDI_writeBigData	32	static
motorDriverInterface.c:67:6:MDI_2byteWriteData	24	static
motorDriverInterface.c:78:6:MDI_writeSmallDataWithRegister	16	static
motorDriverInterface.c:90:6:MDI_writeBigDataWithRegister	24	static
motorDriverInterface.c:104:6:MDI_readSmallDataWithRegister	24	static
motorDriverInterface.c:202:6:MDI_sendDataChannel1	32	static
motorDriverInterface.c:234:6:MDI_sendDataChannel1Ver2	48	static
motorDriverInterface.c:259:6:MDI_getDataChannel1	16	static
motorDriverInterface.c:286:6:MDI_getDataChannel1Ver2	16	static
motorDriverInterface.c:309:6:MDI_getDataChannel1Ver3	24	static
motorDriverInterface.c:354:6:MDI_getDataChannel1Ver4	32	static
motorDriverInterface.c:383:6:MDI_enableGetDataChannel1	8	static
motorDriverInterface.c:392:6:MDI_getDataChannel1_IT	32	static
motorDriverInterface.c:432:6:MDI_sendDataChannel2	32	static
motorDriverInterface.c:463:6:MDI_sendDataChannel2Ver2	48	static
motorDriverInterface.c:488:6:MDI_getDataChannel2	16	static
motorDriverInterface.c:515:6:MDI_getDataChannel2Ver2	16	static
motorDriverInterface.c:537:6:MDI_getDataChannel2Ver3	24	static
motorDriverInterface.c:581:6:MDI_getDataChannel2Ver4	32	static
motorDriverInterface.c:611:6:MDI_enableGetDataChannel2	8	static
motorDriverInterface.c:619:6:MDI_getDataChannel2_IT	32	static
motorDriverInterface.c:663:9:getDriver1kd	4	static
motorDriverInterface.c:666:9:getDriver1ki	4	static
motorDriverInterface.c:669:9:getDriver1kp	4	static
motorDriverInterface.c:672:9:getDriver1factor	4	static
motorDriverInterface.c:675:10:getDriver1angle	4	static
motorDriverInterface.c:679:9:getDriver2kd	4	static
motorDriverInterface.c:682:9:getDriver2ki	4	static
motorDriverInterface.c:685:9:getDriver2kp	4	static
motorDriverInterface.c:688:9:getDriver2factor	4	static
motorDriverInterface.c:691:10:getDriver2angle	4	static
motorDriverInterface.c:695:14:getDriver1ReceiveVal	16	static
motorDriverInterface.c:698:15:getDriver2ReceiveVal	16	static
