Archive member included to satisfy reference by file (symbol)

c:/st/stm32cubeide_1.6.0/stm32cubeide/plugins/com.st.stm32cube.ide.mcu.externaltools.gnu-tools-for-stm32.9-2020-q2-update.win32_1.5.0.202011040924/tools/bin/../lib/gcc/arm-none-eabi/9.3.1/../../../../arm-none-eabi/lib/thumb/v7e-m+fp/hard\libc_nano.a(lib_a-errno.o)
                              Core/Src/syscalls.o (__errno)
c:/st/stm32cubeide_1.6.0/stm32cubeide/plugins/com.st.stm32cube.ide.mcu.externaltools.gnu-tools-for-stm32.9-2020-q2-update.win32_1.5.0.202011040924/tools/bin/../lib/gcc/arm-none-eabi/9.3.1/../../../../arm-none-eabi/lib/thumb/v7e-m+fp/hard\libc_nano.a(lib_a-exit.o)
                              c:/st/stm32cubeide_1.6.0/stm32cubeide/plugins/com.st.stm32cube.ide.mcu.externaltools.gnu-tools-for-stm32.9-2020-q2-update.win32_1.5.0.202011040924/tools/bin/../lib/gcc/arm-none-eabi/9.3.1/../../../../arm-none-eabi/lib/thumb/v7e-m+fp/hard/crt0.o (exit)
c:/st/stm32cubeide_1.6.0/stm32cubeide/plugins/com.st.stm32cube.ide.mcu.externaltools.gnu-tools-for-stm32.9-2020-q2-update.win32_1.5.0.202011040924/tools/bin/../lib/gcc/arm-none-eabi/9.3.1/../../../../arm-none-eabi/lib/thumb/v7e-m+fp/hard\libc_nano.a(lib_a-impure.o)
                              c:/st/stm32cubeide_1.6.0/stm32cubeide/plugins/com.st.stm32cube.ide.mcu.externaltools.gnu-tools-for-stm32.9-2020-q2-update.win32_1.5.0.202011040924/tools/bin/../lib/gcc/arm-none-eabi/9.3.1/../../../../arm-none-eabi/lib/thumb/v7e-m+fp/hard\libc_nano.a(lib_a-exit.o) (_global_impure_ptr)
c:/st/stm32cubeide_1.6.0/stm32cubeide/plugins/com.st.stm32cube.ide.mcu.externaltools.gnu-tools-for-stm32.9-2020-q2-update.win32_1.5.0.202011040924/tools/bin/../lib/gcc/arm-none-eabi/9.3.1/../../../../arm-none-eabi/lib/thumb/v7e-m+fp/hard\libc_nano.a(lib_a-init.o)
                              c:/st/stm32cubeide_1.6.0/stm32cubeide/plugins/com.st.stm32cube.ide.mcu.externaltools.gnu-tools-for-stm32.9-2020-q2-update.win32_1.5.0.202011040924/tools/bin/../lib/gcc/arm-none-eabi/9.3.1/../../../../arm-none-eabi/lib/thumb/v7e-m+fp/hard/crt0.o (__libc_init_array)
c:/st/stm32cubeide_1.6.0/stm32cubeide/plugins/com.st.stm32cube.ide.mcu.externaltools.gnu-tools-for-stm32.9-2020-q2-update.win32_1.5.0.202011040924/tools/bin/../lib/gcc/arm-none-eabi/9.3.1/../../../../arm-none-eabi/lib/thumb/v7e-m+fp/hard\libc_nano.a(lib_a-memcpy-stub.o)
                              Middlewares/Third_Party/FreeRTOS/Source/CMSIS_RTOS_V2/cmsis_os2.o (memcpy)
c:/st/stm32cubeide_1.6.0/stm32cubeide/plugins/com.st.stm32cube.ide.mcu.externaltools.gnu-tools-for-stm32.9-2020-q2-update.win32_1.5.0.202011040924/tools/bin/../lib/gcc/arm-none-eabi/9.3.1/../../../../arm-none-eabi/lib/thumb/v7e-m+fp/hard\libc_nano.a(lib_a-memset.o)
                              c:/st/stm32cubeide_1.6.0/stm32cubeide/plugins/com.st.stm32cube.ide.mcu.externaltools.gnu-tools-for-stm32.9-2020-q2-update.win32_1.5.0.202011040924/tools/bin/../lib/gcc/arm-none-eabi/9.3.1/../../../../arm-none-eabi/lib/thumb/v7e-m+fp/hard/crt0.o (memset)
c:/st/stm32cubeide_1.6.0/stm32cubeide/plugins/com.st.stm32cube.ide.mcu.externaltools.gnu-tools-for-stm32.9-2020-q2-update.win32_1.5.0.202011040924/tools/bin/../lib/gcc/arm-none-eabi/9.3.1/../../../../arm-none-eabi/lib/thumb/v7e-m+fp/hard\libc_nano.a(lib_a-sprintf.o)
                              lcdDriver/lcdDriverInterface.o (sprintf)
c:/st/stm32cubeide_1.6.0/stm32cubeide/plugins/com.st.stm32cube.ide.mcu.externaltools.gnu-tools-for-stm32.9-2020-q2-update.win32_1.5.0.202011040924/tools/bin/../lib/gcc/arm-none-eabi/9.3.1/../../../../arm-none-eabi/lib/thumb/v7e-m+fp/hard\libc_nano.a(lib_a-strlen.o)
                              lcdDriver/lcd_i2cModule.o (strlen)
c:/st/stm32cubeide_1.6.0/stm32cubeide/plugins/com.st.stm32cube.ide.mcu.externaltools.gnu-tools-for-stm32.9-2020-q2-update.win32_1.5.0.202011040924/tools/bin/../lib/gcc/arm-none-eabi/9.3.1/../../../../arm-none-eabi/lib/thumb/v7e-m+fp/hard\libc_nano.a(lib_a-nano-svfprintf.o)
                              c:/st/stm32cubeide_1.6.0/stm32cubeide/plugins/com.st.stm32cube.ide.mcu.externaltools.gnu-tools-for-stm32.9-2020-q2-update.win32_1.5.0.202011040924/tools/bin/../lib/gcc/arm-none-eabi/9.3.1/../../../../arm-none-eabi/lib/thumb/v7e-m+fp/hard\libc_nano.a(lib_a-sprintf.o) (_svfprintf_r)
c:/st/stm32cubeide_1.6.0/stm32cubeide/plugins/com.st.stm32cube.ide.mcu.externaltools.gnu-tools-for-stm32.9-2020-q2-update.win32_1.5.0.202011040924/tools/bin/../lib/gcc/arm-none-eabi/9.3.1/../../../../arm-none-eabi/lib/thumb/v7e-m+fp/hard\libc_nano.a(lib_a-nano-vfprintf_i.o)
                              c:/st/stm32cubeide_1.6.0/stm32cubeide/plugins/com.st.stm32cube.ide.mcu.externaltools.gnu-tools-for-stm32.9-2020-q2-update.win32_1.5.0.202011040924/tools/bin/../lib/gcc/arm-none-eabi/9.3.1/../../../../arm-none-eabi/lib/thumb/v7e-m+fp/hard\libc_nano.a(lib_a-nano-svfprintf.o) (_printf_i)
[...]
Memory Configuration

Name             Origin             Length             Attributes
CCMRAM           0x0000000010000000 0x0000000000010000 xrw
RAM              0x0000000020000000 0x0000000000020000 xrw
FLASH            0x0000000008000000 0x0000000000100000 xr
*default*        0x0000000000000000 0xffffffffffffffff

Linker script and memory map

LOAD c:/st/stm32cubeide_1.6.0/stm32cubeide/plugins/com.st.stm32cube.ide.mcu.externaltools.gnu-tools-for-stm32.9-2020-q2-update.win32_1.5.0.202011040924/tools/bin/../lib/gcc/arm-none-eabi/9.3.1/thumb/v7e-m+fp/hard/crti.o
LOAD c:/st/stm32cubeide_1.6.0/stm32cubeide/plugins/com.st.stm32cube.ide.mcu.externaltools.gnu-tools-for-stm32.9-2020-q2-update.win32_1.5.0.202011040924/tools/bin/../lib/gcc/arm-none-eabi/9.3.1/thumb/v7e-m+fp/hard/crtbegin.o
LOAD c:/st/stm32cubeide_1.6.0/stm32cubeide/plugins/com.st.stm32cube.ide.mcu.externaltools.gnu-tools-for-stm32.9-2020-q2-update.win32_1.5.0.202011040924/tools/bin/../lib/gcc/arm-none-eabi/9.3.1/../../../../arm-none-eabi/lib/thumb/v7e-m+fp/hard/crt0.o
LOAD ComputerInterface/ComputerInterface.o
LOAD Core/Src/freertos.o
LOAD Core/Src/main.o
LOAD Core/Src/stm32f4xx_hal_msp.o
LOAD Core/Src/stm32f4xx_hal_timebase_tim.o
LOAD Core/Src/stm32f4xx_it.o
LOAD Core/Src/syscalls.o
LOAD Core/Src/sysmem.o
LOAD Core/Src/system_stm32f4xx.o
LOAD Core/Startup/startup_stm32f407vgtx.o
LOAD Drivers/STM32F4xx_HAL_Driver/Src/stm32f4xx_hal.o
LOAD Drivers/STM32F4xx_HAL_Driver/Src/stm32f4xx_hal_adc.o
LOAD Drivers/STM32F4xx_HAL_Driver/Src/stm32f4xx_hal_adc_ex.o
LOAD Drivers/STM32F4xx_HAL_Driver/Src/stm32f4xx_hal_cortex.o
LOAD Drivers/STM32F4xx_HAL_Driver/Src/stm32f4xx_hal_dma.o
LOAD Drivers/STM32F4xx_HAL_Driver/Src/stm32f4xx_hal_dma_ex.o
LOAD Drivers/STM32F4xx_HAL_Driver/Src/stm32f4xx_hal_exti.o
LOAD Drivers/STM32F4xx_HAL_Driver/Src/stm32f4xx_hal_flash.o
LOAD Drivers/STM32F4xx_HAL_Driver/Src/stm32f4xx_hal_flash_ex.o
LOAD Drivers/STM32F4xx_HAL_Driver/Src/stm32f4xx_hal_flash_ramfunc.o
LOAD Drivers/STM32F4xx_HAL_Driver/Src/stm32f4xx_hal_gpio.o
LOAD Drivers/STM32F4xx_HAL_Driver/Src/stm32f4xx_hal_i2c.o
LOAD Drivers/STM32F4xx_HAL_Driver/Src/stm32f4xx_hal_i2c_ex.o
LOAD Drivers/STM32F4xx_HAL_Driver/Src/stm32f4xx_hal_pwr.o
LOAD Drivers/STM32F4xx_HAL_Driver/Src/stm32f4xx_hal_pwr_ex.o
LOAD Drivers/STM32F4xx_HAL_Driver/Src/stm32f4xx_hal_rcc.o
LOAD Drivers/STM32F4xx_HAL_Driver/Src/stm32f4xx_hal_rcc_ex.o
LOAD Drivers/STM32F4xx_HAL_Driver/Src/stm32f4xx_hal_tim.o
LOAD Drivers/STM32F4xx_HAL_Driver/Src/stm32f4xx_hal_tim_ex.o
LOAD Drivers/STM32F4xx_HAL_Driver/Src/stm32f4xx_hal_uart.o
LOAD Middlewares/Third_Party/FreeRTOS/Source/CMSIS_RTOS_V2/cmsis_os2.o
LOAD Middlewares/Third_Party/FreeRTOS/Source/croutine.o
LOAD Middlewares/Third_Party/FreeRTOS/Source/event_groups.o
LOAD Middlewares/Third_Party/FreeRTOS/Source/list.o
LOAD Middlewares/Third_Party/FreeRTOS/Source/queue.o
LOAD Middlewares/Third_Party/FreeRTOS/Source/stream_buffer.o
LOAD Middlewares/Third_Party/FreeRTOS/Source/tasks.o
LOAD Middlewares/Third_Party/FreeRTOS/Source/timers.o
LOAD Middlewares/Third_Party/FreeRTOS/Source/portable/GCC/ARM_CM4F/port.o
LOAD Middlewares/Third_Party/FreeRTOS/Source/portable/MemMang/heap_4.o
LOAD analogValuesController/analogValuesController.o
LOAD buttonController/buttonController.o
LOAD lcdDriver/lcdDriverInterface.o
LOAD lcdDriver/lcd_i2cModule.o
LOAD motorDriverInterface/motorDriverInterface.o
LOAD taskManagerInterface/taskManagerInterface.o
START GROUP
LOAD c:/st/stm32cubeide_1.6.0/stm32cubeide/plugins/com.st.stm32cube.ide.mcu.externaltools.gnu-tools-for-stm32.9-2020-q2-update.win32_1.5.0.202011040924/tools/bin/../lib/gcc/arm-none-eabi/9.3.1/../../../../arm-none-eabi/lib/thumb/v7e-m+fp/hard\libc_nano.a
LOAD c:/st/stm32cubeide_1.6.0/stm32cubeide/plugins/com.st.stm32cube.ide.mcu.externaltools.gnu-tools-for-stm32.9-2020-q2-update.win32_1.5.0.202011040924/tools/bin/../lib/gcc/arm-none-eabi/9.3.1/../../../../arm-none-eabi/lib/thumb/v7e-m+fp/hard\libm.a
END GROUP
START GROUP
LOAD c:/st/stm32cubeide_1.6.0/stm32cubeide/plugins/com.st.stm32cube.ide.mcu.externaltools.gnu-tools-for-stm32.9-2020-q2-update.win32_1.5.0.202011040924/tools/bin/../lib/gcc/arm-none-eabi/9.3.1/thumb/v7e-m+fp/hard\libgcc.a
LOAD c:/st/stm32cubeide_1.6.0/stm32cubeide/plugins/com.st.stm32cube.ide.mcu.externaltools.gnu-tools-for-stm32.9-2020-q2-update.win32_1.5.0.202011040924/tools/bin/../lib/gcc/arm-none-eabi/9.3.1/../../../../arm-none-eabi/lib/thumb/v7e-m+fp/hard\libc_nano.a
END GROUP
START GROUP
LOAD c:/st/stm32cubeide_1.6.0/stm32cubeide/plugins/com.st.stm32cube.ide.mcu.externaltools.gnu-tools-for-stm32.9-2020-q2-update.win32_1.5.0.202011040924/tools/bin/../lib/gcc/arm-none-eabi/9.3.1/thumb/v7e-m+fp/hard\libgcc.a
LOAD c:/st/stm32cubeide_1.6.0/stm32cubeide/plugins/com.st.stm32cube.ide.mcu.externaltools.gnu-tools-for-stm32.9-2020-q2-update.win32_1.5.0.202011040924/tools/bin/../lib/gcc/arm-none-eabi/9.3.1/../../../../arm-none-eabi/lib/thumb/v7e-m+fp/hard\libc_nano.a
LOAD c:/st/stm32cubeide_1.6.0/stm32cubeide/plugins/com.st.stm32cube.ide.mcu.externaltools.gnu-tools-for-stm32.9-2020-q2-update.win32_1.5.0.202011040924/tools/bin/../lib/gcc/arm-none-eabi/9.3.1/../../../../arm-none-eabi/lib/thumb/v7e-m+fp/hard\libnosys.a
END GROUP
START GROUP
LOAD c:/st/stm32cubeide_1.6.0/stm32cubeide/plugins/com.st.stm32cube.ide.mcu.externaltools.gnu-tools-for-stm32.9-2020-q2-update.win32_1.5.0.202011040924/tools/bin/../lib/gcc/arm-none-eabi/9.3.1/thumb/v7e-m+fp/hard\libgcc.a
LOAD c:/st/stm32cubeide_1.6.0/stm32cubeide/plugins/com.st.stm32cube.ide.mcu.externaltools.gnu-tools-for-stm32.9-2020-q2-update.win32_1.5.0.202011040924/tools/bin/../lib/gcc/arm-none-eabi/9.3.1/../../../../arm-none-eabi/lib/thumb/v7e-m+fp/hard\libc_nano.a
LOAD c:/st/stm32cubeide_1.6.0/stm32cubeide/plugins/com.st.stm32cube.ide.mcu.externaltools.gnu-tools-for-stm32.9-2020-q2-update.win32_1.5.0.202011040924/tools/bin/../lib/gcc/arm-none-eabi/9.3.1/../../../../arm-none-eabi/lib/thumb/v7e-m+fp/hard\libnosys.a
END GROUP
LOAD c:/st/stm32cubeide_1.6.0/stm32cubeide/plugins/com.st.stm32cube.ide.mcu.externaltools.gnu-tools-for-stm32.9-2020-q2-update.win32_1.5.0.202011040924/tools/bin/../lib/gcc/arm-none-eabi/9.3.1/thumb/v7e-m+fp/hard/crtend.o
LOAD c:/st/stm32cubeide_1.6.0/stm32cubeide/plugins/com.st.stm32cube.ide.mcu.externaltools.gnu-tools-for-stm32.9-2020-q2-update.win32_1.5.0.202011040924/tools/bin/../lib/gcc/arm-none-eabi/9.3.1/thumb/v7e-m+fp/hard/crtn.o
                0x0000000020020000                _estack = (ORIGIN (RAM) + LENGTH (RAM))
                0x0000000000000200                _Min_Heap_Size = 0x200
                0x0000000000000400                _Min_Stack_Size = 0x400

.isr_vector     0x0000000008000000      0x188
                0x0000000008000000                . = ALIGN (0x4)
 *(.isr_vector)
 .isr_vector    0x0000000008000000      0x188 Core/Startup/startup_stm32f407vgtx.o
                0x0000000008000000                g_pfnVectors
                0x0000000008000188                . = ALIGN (0x4)

.text           0x0000000008000190     0xa658
                0x0000000008000190                . = ALIGN (0x4)
 *(.text)
 .text          0x0000000008000190       0x40 c:/st/stm32cubeide_1.6.0/stm32cubeide/plugins/com.st.stm32cube.ide.mcu.externaltools.gnu-tools-for-stm32.9-2020-q2-update.win32_1.5.0.202011040924/tools/bin/../lib/gcc/arm-none-eabi/9.3.1/thumb/v7e-m+fp/hard/crtbegin.o
 .text          0x00000000080001d0       0x10 c:/st/stm32cubeide_1.6.0/stm32cubeide/plugins/com.st.stm32cube.ide.mcu.externaltools.gnu-tools-for-stm32.9-2020-q2-update.win32_1.5.0.202011040924/tools/bin/../lib/gcc/arm-none-eabi/9.3.1/../../../../arm-none-eabi/lib/thumb/v7e-m+fp/hard\libc_nano.a(lib_a-strlen.o)
                0x00000000080001d0                strlen
 .text          0x00000000080001e0       0xa0 c:/st/stm32cubeide_1.6.0/stm32cubeide/plugins/com.st.stm32cube.ide.mcu.externaltools.gnu-tools-for-stm32.9-2020-q2-update.win32_1.5.0.202011040924/tools/bin/../lib/gcc/arm-none-eabi/9.3.1/../../../../arm-none-eabi/lib/thumb/v7e-m+fp/hard\libc_nano.a(lib_a-memchr.o)
                0x00000000080001e0                memchr
 .text          0x0000000008000280      0x378 c:/st/stm32cubeide_1.6.0/stm32cubeide/plugins/com.st.stm32cube.ide.mcu.externaltools.gnu-tools-for-stm32.9-2020-q2-update.win32_1.5.0.202011040924/tools/bin/../lib/gcc/arm-none-eabi/9.3.1/thumb/v7e-m+fp/hard\libgcc.a(_arm_addsubdf3.o)
                0x0000000008000280                __aeabi_drsub
                0x0000000008000288                __aeabi_dsub
                0x0000000008000288                __subdf3
                0x000000000800028c                __aeabi_dadd
                0x000000000800028c                __adddf3
                0x0000000008000504                __floatunsidf
                0x0000000008000504                __aeabi_ui2d
                0x0000000008000524                __floatsidf
                0x0000000008000524                __aeabi_i2d
                0x0000000008000548                __aeabi_f2d
                0x0000000008000548                __extendsfdf2
                0x000000000800058c                __floatundidf
                0x000000000800058c                __aeabi_ul2d
                0x000000000800059c                __floatdidf
                0x000000000800059c                __aeabi_l2d
 .text          0x00000000080005f8      0x424 c:/st/stm32cubeide_1.6.0/stm32cubeide/plugins/com.st.stm32cube.ide.mcu.externaltools.gnu-tools-for-stm32.9-2020-q2-update.win32_1.5.0.202011040924/tools/bin/../lib/gcc/arm-none-eabi/9.3.1/thumb/v7e-m+fp/hard\libgcc.a(_arm_muldivdf3.o)
                0x00000000080005f8                __aeabi_dmul
                0x00000000080005f8                __muldf3
                0x000000000800084c                __divdf3
                0x000000000800084c                __aeabi_ddiv
 .text          0x0000000008000a1c       0xa0 c:/st/stm32cubeide_1.6.0/stm32cubeide/plugins/com.st.stm32cube.ide.mcu.externaltools.gnu-tools-for-stm32.9-2020-q2-update.win32_1.5.0.202011040924/tools/bin/../lib/gcc/arm-none-eabi/9.3.1/thumb/v7e-m+fp/hard\libgcc.a(_arm_truncdfsf2.o)
                0x0000000008000a1c                __truncdfsf2
                0x0000000008000a1c                __aeabi_d2f
 .text          0x0000000008000abc       0x30 c:/st/stm32cubeide_1.6.0/stm32cubeide/plugins/com.st.stm32cube.ide.mcu.externaltools.gnu-tools-for-stm32.9-2020-q2-update.win32_1.5.0.202011040924/tools/bin/../lib/gcc/arm-none-eabi/9.3.1/thumb/v7e-m+fp/hard\libgcc.a(_aeabi_uldivmod.o)
                0x0000000008000abc                __aeabi_uldivmod
 .text          0x0000000008000aec      0x2c4 c:/st/stm32cubeide_1.6.0/stm32cubeide/plugins/com.st.stm32cube.ide.mcu.externaltools.gnu-tools-for-stm32.9-2020-q2-update.win32_1.5.0.202011040924/tools/bin/../lib/gcc/arm-none-eabi/9.3.1/thumb/v7e-m+fp/hard\libgcc.a(_udivmoddi4.o)
                0x0000000008000aec                __udivmoddi4
 .text          0x0000000008000db0        0x4 c:/st/stm32cubeide_1.6.0/stm32cubeide/plugins/com.st.stm32cube.ide.mcu.externaltools.gnu-tools-for-stm32.9-2020-q2-update.win32_1.5.0.202011040924/tools/bin/../lib/gcc/arm-none-eabi/9.3.1/thumb/v7e-m+fp/hard\libgcc.a(_dvmd_tls.o)
                0x0000000008000db0                __aeabi_idiv0
                0x0000000008000db0                __aeabi_ldiv0
 *(.text*)
 .text.main     0x0000000008000db4       0x5c Core/Src/main.o
                0x0000000008000db4                main
 .text.SystemClock_Config
                0x0000000008000e10       0xd4 Core/Src/main.o
                0x0000000008000e10                SystemClock_Config
 .text.MX_ADC1_Init
                0x0000000008000ee4       0xc4 Core/Src/main.o
 .text.MX_ADC2_Init
                0x0000000008000fa8       0xa4 Core/Src/main.o
 .text.MX_I2C1_Init
                0x000000000800104c       0x5c Core/Src/main.o
 .text.MX_I2C2_Init
                0x00000000080010a8       0x5c Core/Src/main.o
 .text.MX_TIM2_Init
                0x0000000008001104       0x98 Core/Src/main.o
 .text.MX_UART4_Init
                0x000000000800119c       0x54 Core/Src/main.o
 .text.MX_UART5_Init
                0x00000000080011f0       0x54 Core/Src/main.o
 .text.MX_USART1_UART_Init
                0x0000000008001244       0x54 Core/Src/main.o
 .text.MX_GPIO_Init
                0x0000000008001298      0x104 Core/Src/main.o
 .text.StartDefaultTask
                0x000000000800139c       0x10 Core/Src/main.o
                0x000000000800139c                StartDefaultTask
 .text.HAL_TIM_PeriodElapsedCallback
                0x00000000080013ac       0x24 Core/Src/main.o
                0x00000000080013ac                HAL_TIM_PeriodElapsedCallback
 .text.Error_Handler
                0x00000000080013d0        0xa Core/Src/main.o
                0x00000000080013d0                Error_Handler
 *fill*         0x00000000080013da        0x2 
 .text.HAL_MspInit
                0x00000000080013dc       0x58 Core/Src/stm32f4xx_hal_msp.o
                0x00000000080013dc                HAL_MspInit
 .text.HAL_ADC_MspInit
                0x0000000008001434       0xe8 Core/Src/stm32f4xx_hal_msp.o
                0x0000000008001434                HAL_ADC_MspInit
 .text.HAL_I2C_MspInit
                0x000000000800151c       0xf8 Core/Src/stm32f4xx_hal_msp.o
                0x000000000800151c                HAL_I2C_MspInit
 .text.HAL_TIM_Base_MspInit
                0x0000000008001614       0x4c Core/Src/stm32f4xx_hal_msp.o
                0x0000000008001614                HAL_TIM_Base_MspInit
 .text.HAL_UART_MspInit
                0x0000000008001660      0x1c8 Core/Src/stm32f4xx_hal_msp.o
                0x0000000008001660                HAL_UART_MspInit
 .text.HAL_InitTick
                0x0000000008001828       0xb4 Core/Src/stm32f4xx_hal_timebase_tim.o
                0x0000000008001828                HAL_InitTick
 .text.NMI_Handler
                0x00000000080018dc        0x6 Core/Src/stm32f4xx_it.o
                0x00000000080018dc                NMI_Handler
 .text.HardFault_Handler
                0x00000000080018e2        0x6 Core/Src/stm32f4xx_it.o
                0x00000000080018e2                HardFault_Handler
 .text.MemManage_Handler
                0x00000000080018e8        0x6 Core/Src/stm32f4xx_it.o
                0x00000000080018e8                MemManage_Handler
 .text.BusFault_Handler
                0x00000000080018ee        0x6 Core/Src/stm32f4xx_it.o
                0x00000000080018ee                BusFault_Handler
 .text.UsageFault_Handler
                0x00000000080018f4        0x6 Core/Src/stm32f4xx_it.o
                0x00000000080018f4                UsageFault_Handler
 .text.DebugMon_Handler
                0x00000000080018fa        0xe Core/Src/stm32f4xx_it.o
                0x00000000080018fa                DebugMon_Handler
 .text.TIM1_UP_TIM10_IRQHandler
                0x0000000008001908       0x14 Core/Src/stm32f4xx_it.o
                0x0000000008001908                TIM1_UP_TIM10_IRQHandler
 .text.TIM2_IRQHandler
                0x000000000800191c       0x18 Core/Src/stm32f4xx_it.o
                0x000000000800191c                TIM2_IRQHandler
 .text.UART4_IRQHandler
                0x0000000008001934       0x14 Core/Src/stm32f4xx_it.o
                0x0000000008001934                UART4_IRQHandler
 .text.UART5_IRQHandler
                0x0000000008001948       0x14 Core/Src/stm32f4xx_it.o
                0x0000000008001948                UART5_IRQHandler
 .text._sbrk    0x000000000800195c       0x6c Core/Src/sysmem.o
                0x000000000800195c                _sbrk
 .text.SystemInit
                0x00000000080019c8       0x2c Core/Src/system_stm32f4xx.o
                0x00000000080019c8                SystemInit
 .text.Reset_Handler
                0x00000000080019f4       0x44 Core/Startup/startup_stm32f407vgtx.o
                0x00000000080019f4                Reset_Handler
 .text.Default_Handler
                0x0000000008001a38        0x2 Core/Startup/startup_stm32f407vgtx.o
                0x0000000008001a38                RTC_Alarm_IRQHandler
                0x0000000008001a38                HASH_RNG_IRQHandler
                0x0000000008001a38                EXTI2_IRQHandler
                0x0000000008001a38                TIM8_CC_IRQHandler
                0x0000000008001a38                TIM1_CC_IRQHandler
                0x0000000008001a38                DMA2_Stream5_IRQHandler
                0x0000000008001a38                DMA1_Stream5_IRQHandler
                0x0000000008001a38                PVD_IRQHandler
                0x0000000008001a38                SDIO_IRQHandler
                0x0000000008001a38                TAMP_STAMP_IRQHandler
                0x0000000008001a38                CAN2_RX1_IRQHandler
                0x0000000008001a38                EXTI3_IRQHandler
                0x0000000008001a38                TIM8_TRG_COM_TIM14_IRQHandler
                0x0000000008001a38                TIM8_UP_TIM13_IRQHandler
                0x0000000008001a38                I2C3_ER_IRQHandler
                0x0000000008001a38                EXTI0_IRQHandler
                0x0000000008001a38                I2C2_EV_IRQHandler
                0x0000000008001a38                DMA1_Stream2_IRQHandler
                0x0000000008001a38                CAN1_RX0_IRQHandler
                0x0000000008001a38                FPU_IRQHandler
                0x0000000008001a38                OTG_HS_WKUP_IRQHandler
                0x0000000008001a38                CAN2_SCE_IRQHandler
                0x0000000008001a38                DMA2_Stream2_IRQHandler
                0x0000000008001a38                SPI1_IRQHandler
                0x0000000008001a38                TIM6_DAC_IRQHandler
                0x0000000008001a38                TIM1_BRK_TIM9_IRQHandler
                0x0000000008001a38                DCMI_IRQHandler
                0x0000000008001a38                CAN2_RX0_IRQHandler
                0x0000000008001a38                DMA2_Stream3_IRQHandler
                0x0000000008001a38                USART6_IRQHandler
                0x0000000008001a38                USART3_IRQHandler
                0x0000000008001a38                CAN1_RX1_IRQHandler
                0x0000000008001a38                DMA2_Stream0_IRQHandler
                0x0000000008001a38                TIM4_IRQHandler
                0x0000000008001a38                I2C1_EV_IRQHandler
                0x0000000008001a38                DMA1_Stream6_IRQHandler
                0x0000000008001a38                DMA1_Stream1_IRQHandler
                0x0000000008001a38                TIM3_IRQHandler
                0x0000000008001a38                RCC_IRQHandler
                0x0000000008001a38                TIM8_BRK_TIM12_IRQHandler
                0x0000000008001a38                Default_Handler
                0x0000000008001a38                EXTI15_10_IRQHandler
                0x0000000008001a38                ADC_IRQHandler
                0x0000000008001a38                DMA1_Stream7_IRQHandler
                0x0000000008001a38                TIM7_IRQHandler
                0x0000000008001a38                CAN2_TX_IRQHandler
                0x0000000008001a38                TIM5_IRQHandler
                0x0000000008001a38                DMA2_Stream7_IRQHandler
                0x0000000008001a38                I2C3_EV_IRQHandler
                0x0000000008001a38                EXTI9_5_IRQHandler
                0x0000000008001a38                RTC_WKUP_IRQHandler
                0x0000000008001a38                ETH_WKUP_IRQHandler
                0x0000000008001a38                SPI2_IRQHandler
                0x0000000008001a38                OTG_HS_EP1_IN_IRQHandler
                0x0000000008001a38                DMA1_Stream0_IRQHandler
                0x0000000008001a38                CAN1_TX_IRQHandler
                0x0000000008001a38                EXTI4_IRQHandler
                0x0000000008001a38                FSMC_IRQHandler
                0x0000000008001a38                ETH_IRQHandler
                0x0000000008001a38                OTG_HS_EP1_OUT_IRQHandler
                0x0000000008001a38                WWDG_IRQHandler
                0x0000000008001a38                OTG_FS_WKUP_IRQHandler
                0x0000000008001a38                TIM1_TRG_COM_TIM11_IRQHandler
                0x0000000008001a38                OTG_HS_IRQHandler
                0x0000000008001a38                EXTI1_IRQHandler
                0x0000000008001a38                USART2_IRQHandler
                0x0000000008001a38                I2C2_ER_IRQHandler
                0x0000000008001a38                DMA2_Stream1_IRQHandler
                0x0000000008001a38                CAN1_SCE_IRQHandler
                0x0000000008001a38                FLASH_IRQHandler
                0x0000000008001a38                DMA2_Stream4_IRQHandler
                0x0000000008001a38                USART1_IRQHandler
                0x0000000008001a38                OTG_FS_IRQHandler
                0x0000000008001a38                SPI3_IRQHandler
                0x0000000008001a38                DMA1_Stream4_IRQHandler
                0x0000000008001a38                I2C1_ER_IRQHandler
                0x0000000008001a38                DMA2_Stream6_IRQHandler
                0x0000000008001a38                DMA1_Stream3_IRQHandler
 *fill*         0x0000000008001a3a        0x2 
 .text.HAL_Init
                0x0000000008001a3c       0x44 Drivers/STM32F4xx_HAL_Driver/Src/stm32f4xx_hal.o
                0x0000000008001a3c                HAL_Init
 .text.HAL_IncTick
                0x0000000008001a80       0x28 Drivers/STM32F4xx_HAL_Driver/Src/stm32f4xx_hal.o
                0x0000000008001a80                HAL_IncTick
 .text.HAL_GetTick
                0x0000000008001aa8       0x18 Drivers/STM32F4xx_HAL_Driver/Src/stm32f4xx_hal.o
                0x0000000008001aa8                HAL_GetTick
 .text.HAL_Delay
                0x0000000008001ac0       0x48 Drivers/STM32F4xx_HAL_Driver/Src/stm32f4xx_hal.o
                0x0000000008001ac0                HAL_Delay
 .text.HAL_ADC_Init
                0x0000000008001b08       0x86 Drivers/STM32F4xx_HAL_Driver/Src/stm32f4xx_hal_adc.o
                0x0000000008001b08                HAL_ADC_Init
 *fill*         0x0000000008001b8e        0x2 
 .text.HAL_ADC_Start
                0x0000000008001b90      0x18c Drivers/STM32F4xx_HAL_Driver/Src/stm32f4xx_hal_adc.o
                0x0000000008001b90                HAL_ADC_Start
 .text.HAL_ADC_Stop
                0x0000000008001d1c       0x66 Drivers/STM32F4xx_HAL_Driver/Src/stm32f4xx_hal_adc.o
                0x0000000008001d1c                HAL_ADC_Stop
 .text.HAL_ADC_PollForConversion
                0x0000000008001d82      0x108 Drivers/STM32F4xx_HAL_Driver/Src/stm32f4xx_hal_adc.o
                0x0000000008001d82                HAL_ADC_PollForConversion
 .text.HAL_ADC_GetValue
                0x0000000008001e8a       0x1a Drivers/STM32F4xx_HAL_Driver/Src/stm32f4xx_hal_adc.o
                0x0000000008001e8a                HAL_ADC_GetValue
 .text.HAL_ADC_ConfigChannel
                0x0000000008001ea4      0x244 Drivers/STM32F4xx_HAL_Driver/Src/stm32f4xx_hal_adc.o
                0x0000000008001ea4                HAL_ADC_ConfigChannel
 .text.ADC_Init
                0x00000000080020e8      0x1f8 Drivers/STM32F4xx_HAL_Driver/Src/stm32f4xx_hal_adc.o
 .text.__NVIC_SetPriorityGrouping
                0x00000000080022e0       0x48 Drivers/STM32F4xx_HAL_Driver/Src/stm32f4xx_hal_cortex.o
 .text.__NVIC_GetPriorityGrouping
                0x0000000008002328       0x1c Drivers/STM32F4xx_HAL_Driver/Src/stm32f4xx_hal_cortex.o
 .text.__NVIC_EnableIRQ
                0x0000000008002344       0x3c Drivers/STM32F4xx_HAL_Driver/Src/stm32f4xx_hal_cortex.o
 .text.__NVIC_SetPriority
                0x0000000008002380       0x54 Drivers/STM32F4xx_HAL_Driver/Src/stm32f4xx_hal_cortex.o
 .text.NVIC_EncodePriority
                0x00000000080023d4       0x66 Drivers/STM32F4xx_HAL_Driver/Src/stm32f4xx_hal_cortex.o
 .text.HAL_NVIC_SetPriorityGrouping
                0x000000000800243a       0x16 Drivers/STM32F4xx_HAL_Driver/Src/stm32f4xx_hal_cortex.o
                0x000000000800243a                HAL_NVIC_SetPriorityGrouping
 .text.HAL_NVIC_SetPriority
                0x0000000008002450       0x38 Drivers/STM32F4xx_HAL_Driver/Src/stm32f4xx_hal_cortex.o
                0x0000000008002450                HAL_NVIC_SetPriority
 .text.HAL_NVIC_EnableIRQ
                0x0000000008002488       0x1c Drivers/STM32F4xx_HAL_Driver/Src/stm32f4xx_hal_cortex.o
                0x0000000008002488                HAL_NVIC_EnableIRQ
 .text.HAL_DMA_Abort_IT
                0x00000000080024a4       0x44 Drivers/STM32F4xx_HAL_Driver/Src/stm32f4xx_hal_dma.o
                0x00000000080024a4                HAL_DMA_Abort_IT
 .text.HAL_GPIO_Init
                0x00000000080024e8      0x338 Drivers/STM32F4xx_HAL_Driver/Src/stm32f4xx_hal_gpio.o
                0x00000000080024e8                HAL_GPIO_Init
 .text.HAL_GPIO_ReadPin
                0x0000000008002820       0x30 Drivers/STM32F4xx_HAL_Driver/Src/stm32f4xx_hal_gpio.o
                0x0000000008002820                HAL_GPIO_ReadPin
 .text.HAL_I2C_Init
                0x0000000008002850      0x288 Drivers/STM32F4xx_HAL_Driver/Src/stm32f4xx_hal_i2c.o
                0x0000000008002850                HAL_I2C_Init
 .text.HAL_I2C_Master_Transmit
                0x0000000008002ad8      0x1fc Drivers/STM32F4xx_HAL_Driver/Src/stm32f4xx_hal_i2c.o
                0x0000000008002ad8                HAL_I2C_Master_Transmit
 .text.HAL_I2C_IsDeviceReady
                0x0000000008002cd4      0x25c Drivers/STM32F4xx_HAL_Driver/Src/stm32f4xx_hal_i2c.o
                0x0000000008002cd4                HAL_I2C_IsDeviceReady
 .text.I2C_MasterRequestWrite
                0x0000000008002f30      0x104 Drivers/STM32F4xx_HAL_Driver/Src/stm32f4xx_hal_i2c.o
 .text.I2C_WaitOnFlagUntilTimeout
                0x0000000008003034       0xae Drivers/STM32F4xx_HAL_Driver/Src/stm32f4xx_hal_i2c.o
 .text.I2C_WaitOnMasterAddressFlagUntilTimeout
                0x00000000080030e2       0xfe Drivers/STM32F4xx_HAL_Driver/Src/stm32f4xx_hal_i2c.o
 .text.I2C_WaitOnTXEFlagUntilTimeout
                0x00000000080031e0       0x82 Drivers/STM32F4xx_HAL_Driver/Src/stm32f4xx_hal_i2c.o
 .text.I2C_WaitOnBTFFlagUntilTimeout
                0x0000000008003262       0x82 Drivers/STM32F4xx_HAL_Driver/Src/stm32f4xx_hal_i2c.o
 .text.I2C_IsAcknowledgeFailed
                0x00000000080032e4       0x5e Drivers/STM32F4xx_HAL_Driver/Src/stm32f4xx_hal_i2c.o
 *fill*         0x0000000008003342        0x2 
 .text.HAL_RCC_OscConfig
                0x0000000008003344      0x4e0 Drivers/STM32F4xx_HAL_Driver/Src/stm32f4xx_hal_rcc.o
                0x0000000008003344                HAL_RCC_OscConfig
 .text.HAL_RCC_ClockConfig
                0x0000000008003824      0x1cc Drivers/STM32F4xx_HAL_Driver/Src/stm32f4xx_hal_rcc.o
                0x0000000008003824                HAL_RCC_ClockConfig
 .text.HAL_RCC_GetSysClockFreq
                0x00000000080039f0      0x1c4 Drivers/STM32F4xx_HAL_Driver/Src/stm32f4xx_hal_rcc.o
                0x00000000080039f0                HAL_RCC_GetSysClockFreq
 .text.HAL_RCC_GetHCLKFreq
                0x0000000008003bb4       0x18 Drivers/STM32F4xx_HAL_Driver/Src/stm32f4xx_hal_rcc.o
                0x0000000008003bb4                HAL_RCC_GetHCLKFreq
 .text.HAL_RCC_GetPCLK1Freq
                0x0000000008003bcc       0x28 Drivers/STM32F4xx_HAL_Driver/Src/stm32f4xx_hal_rcc.o
                0x0000000008003bcc                HAL_RCC_GetPCLK1Freq
 .text.HAL_RCC_GetPCLK2Freq
                0x0000000008003bf4       0x28 Drivers/STM32F4xx_HAL_Driver/Src/stm32f4xx_hal_rcc.o
                0x0000000008003bf4                HAL_RCC_GetPCLK2Freq
 .text.HAL_RCC_GetClockConfig
                0x0000000008003c1c       0x64 Drivers/STM32F4xx_HAL_Driver/Src/stm32f4xx_hal_rcc.o
                0x0000000008003c1c                HAL_RCC_GetClockConfig
 .text.HAL_TIM_Base_Init
                0x0000000008003c80       0x56 Drivers/STM32F4xx_HAL_Driver/Src/stm32f4xx_hal_tim.o
                0x0000000008003c80                HAL_TIM_Base_Init
 .text.HAL_TIM_Base_Start_IT
                0x0000000008003cd6       0x48 Drivers/STM32F4xx_HAL_Driver/Src/stm32f4xx_hal_tim.o
                0x0000000008003cd6                HAL_TIM_Base_Start_IT
 .text.HAL_TIM_IRQHandler
                0x0000000008003d1e      0x210 Drivers/STM32F4xx_HAL_Driver/Src/stm32f4xx_hal_tim.o
                0x0000000008003d1e                HAL_TIM_IRQHandler
 .text.HAL_TIM_ConfigClockSource
                0x0000000008003f2e      0x188 Drivers/STM32F4xx_HAL_Driver/Src/stm32f4xx_hal_tim.o
                0x0000000008003f2e                HAL_TIM_ConfigClockSource
 .text.HAL_TIM_OC_DelayElapsedCallback
                0x00000000080040b6       0x14 Drivers/STM32F4xx_HAL_Driver/Src/stm32f4xx_hal_tim.o
                0x00000000080040b6                HAL_TIM_OC_DelayElapsedCallback
 .text.HAL_TIM_IC_CaptureCallback
                0x00000000080040ca       0x14 Drivers/STM32F4xx_HAL_Driver/Src/stm32f4xx_hal_tim.o
                0x00000000080040ca                HAL_TIM_IC_CaptureCallback
 .text.HAL_TIM_PWM_PulseFinishedCallback
                0x00000000080040de       0x14 Drivers/STM32F4xx_HAL_Driver/Src/stm32f4xx_hal_tim.o
                0x00000000080040de                HAL_TIM_PWM_PulseFinishedCallback
 .text.HAL_TIM_TriggerCallback
                0x00000000080040f2       0x14 Drivers/STM32F4xx_HAL_Driver/Src/stm32f4xx_hal_tim.o
                0x00000000080040f2                HAL_TIM_TriggerCallback
 *fill*         0x0000000008004106        0x2 
 .text.TIM_Base_SetConfig
                0x0000000008004108      0x140 Drivers/STM32F4xx_HAL_Driver/Src/stm32f4xx_hal_tim.o
                0x0000000008004108                TIM_Base_SetConfig
 .text.TIM_TI1_ConfigInputStage
                0x0000000008004248       0x5e Drivers/STM32F4xx_HAL_Driver/Src/stm32f4xx_hal_tim.o
 .text.TIM_TI2_ConfigInputStage
                0x00000000080042a6       0x60 Drivers/STM32F4xx_HAL_Driver/Src/stm32f4xx_hal_tim.o
 .text.TIM_ITRx_SetConfig
                0x0000000008004306       0x36 Drivers/STM32F4xx_HAL_Driver/Src/stm32f4xx_hal_tim.o
 .text.TIM_ETR_SetConfig
                0x000000000800433c       0x40 Drivers/STM32F4xx_HAL_Driver/Src/stm32f4xx_hal_tim.o
                0x000000000800433c                TIM_ETR_SetConfig
 .text.HAL_TIMEx_MasterConfigSynchronization
                0x000000000800437c       0xf8 Drivers/STM32F4xx_HAL_Driver/Src/stm32f4xx_hal_tim_ex.o
                0x000000000800437c                HAL_TIMEx_MasterConfigSynchronization
 .text.HAL_TIMEx_CommutCallback
                0x0000000008004474       0x14 Drivers/STM32F4xx_HAL_Driver/Src/stm32f4xx_hal_tim_ex.o
                0x0000000008004474                HAL_TIMEx_CommutCallback
 .text.HAL_TIMEx_BreakCallback
                0x0000000008004488       0x14 Drivers/STM32F4xx_HAL_Driver/Src/stm32f4xx_hal_tim_ex.o
                0x0000000008004488                HAL_TIMEx_BreakCallback
 .text.HAL_UART_Init
                0x000000000800449c       0x9a Drivers/STM32F4xx_HAL_Driver/Src/stm32f4xx_hal_uart.o
                0x000000000800449c                HAL_UART_Init
 .text.HAL_UART_Receive_IT
                0x0000000008004536       0xaa Drivers/STM32F4xx_HAL_Driver/Src/stm32f4xx_hal_uart.o
                0x0000000008004536                HAL_UART_Receive_IT
 .text.HAL_UART_IRQHandler
                0x00000000080045e0      0x200 Drivers/STM32F4xx_HAL_Driver/Src/stm32f4xx_hal_uart.o
                0x00000000080045e0                HAL_UART_IRQHandler
 .text.HAL_UART_TxCpltCallback
                0x00000000080047e0       0x14 Drivers/STM32F4xx_HAL_Driver/Src/stm32f4xx_hal_uart.o
                0x00000000080047e0                HAL_UART_TxCpltCallback
 .text.HAL_UART_ErrorCallback
                0x00000000080047f4       0x14 Drivers/STM32F4xx_HAL_Driver/Src/stm32f4xx_hal_uart.o
                0x00000000080047f4                HAL_UART_ErrorCallback
 .text.UART_EndRxTransfer
                0x0000000008004808       0x3c Drivers/STM32F4xx_HAL_Driver/Src/stm32f4xx_hal_uart.o
 .text.UART_DMAAbortOnError
                0x0000000008004844       0x28 Drivers/STM32F4xx_HAL_Driver/Src/stm32f4xx_hal_uart.o
 .text.UART_Transmit_IT
                0x000000000800486c       0xac Drivers/STM32F4xx_HAL_Driver/Src/stm32f4xx_hal_uart.o
 .text.UART_EndTransmit_IT
                0x0000000008004918       0x30 Drivers/STM32F4xx_HAL_Driver/Src/stm32f4xx_hal_uart.o
 .text.UART_Receive_IT
                0x0000000008004948      0x102 Drivers/STM32F4xx_HAL_Driver/Src/stm32f4xx_hal_uart.o
 *fill*         0x0000000008004a4a        0x2 
 .text.UART_SetConfig
                0x0000000008004a4c      0x738 Drivers/STM32F4xx_HAL_Driver/Src/stm32f4xx_hal_uart.o
 .text.SVC_Setup
                0x0000000008005184        0xe Middlewares/Third_Party/FreeRTOS/Source/CMSIS_RTOS_V2/cmsis_os2.o
 *fill*         0x0000000008005192        0x2 
 .text.osKernelInitialize
                0x0000000008005194       0x68 Middlewares/Third_Party/FreeRTOS/Source/CMSIS_RTOS_V2/cmsis_os2.o
                0x0000000008005194                osKernelInitialize
 .text.osKernelStart
                0x00000000080051fc       0x6c Middlewares/Third_Party/FreeRTOS/Source/CMSIS_RTOS_V2/cmsis_os2.o
                0x00000000080051fc                osKernelStart
 .text.osThreadNew
                0x0000000008005268      0x14c Middlewares/Third_Party/FreeRTOS/Source/CMSIS_RTOS_V2/cmsis_os2.o
                0x0000000008005268                osThreadNew
 .text.osDelay  0x00000000080053b4       0x5c Middlewares/Third_Party/FreeRTOS/Source/CMSIS_RTOS_V2/cmsis_os2.o
                0x00000000080053b4                osDelay
 .text.vApplicationGetIdleTaskMemory
                0x0000000008005410       0x34 Middlewares/Third_Party/FreeRTOS/Source/CMSIS_RTOS_V2/cmsis_os2.o
                0x0000000008005410                vApplicationGetIdleTaskMemory
 .text.vApplicationGetTimerTaskMemory
                0x0000000008005444       0x34 Middlewares/Third_Party/FreeRTOS/Source/CMSIS_RTOS_V2/cmsis_os2.o
                0x0000000008005444                vApplicationGetTimerTaskMemory
 .text.vListInitialise
                0x0000000008005478       0x40 Middlewares/Third_Party/FreeRTOS/Source/list.o
                0x0000000008005478                vListInitialise
 .text.vListInitialiseItem
                0x00000000080054b8       0x1a Middlewares/Third_Party/FreeRTOS/Source/list.o
                0x00000000080054b8                vListInitialiseItem
 .text.vListInsertEnd
                0x00000000080054d2       0x48 Middlewares/Third_Party/FreeRTOS/Source/list.o
                0x00000000080054d2                vListInsertEnd
 .text.vListInsert
                0x000000000800551a       0x72 Middlewares/Third_Party/FreeRTOS/Source/list.o
                0x000000000800551a                vListInsert
 .text.uxListRemove
                0x000000000800558c       0x54 Middlewares/Third_Party/FreeRTOS/Source/list.o
                0x000000000800558c                uxListRemove
 .text.xQueueGenericReset
                0x00000000080055e0       0xd0 Middlewares/Third_Party/FreeRTOS/Source/queue.o
                0x00000000080055e0                xQueueGenericReset
 .text.xQueueGenericCreateStatic
                0x00000000080056b0       0xf0 Middlewares/Third_Party/FreeRTOS/Source/queue.o
                0x00000000080056b0                xQueueGenericCreateStatic
 .text.xQueueGenericCreate
                0x00000000080057a0       0x80 Middlewares/Third_Party/FreeRTOS/Source/queue.o
                0x00000000080057a0                xQueueGenericCreate
 .text.prvInitialiseNewQueue
                0x0000000008005820       0x46 Middlewares/Third_Party/FreeRTOS/Source/queue.o
 *fill*         0x0000000008005866        0x2 
 .text.xQueueGenericSend
                0x0000000008005868      0x1fc Middlewares/Third_Party/FreeRTOS/Source/queue.o
                0x0000000008005868                xQueueGenericSend
 .text.xQueueGenericSendFromISR
                0x0000000008005a64      0x130 Middlewares/Third_Party/FreeRTOS/Source/queue.o
                0x0000000008005a64                xQueueGenericSendFromISR
 .text.xQueueReceive
                0x0000000008005b94      0x1c0 Middlewares/Third_Party/FreeRTOS/Source/queue.o
                0x0000000008005b94                xQueueReceive
 .text.xQueueSemaphoreTake
                0x0000000008005d54      0x218 Middlewares/Third_Party/FreeRTOS/Source/queue.o
                0x0000000008005d54                xQueueSemaphoreTake
 .text.prvGetDisinheritPriorityAfterTimeout
                0x0000000008005f6c       0x30 Middlewares/Third_Party/FreeRTOS/Source/queue.o
 .text.prvCopyDataToQueue
                0x0000000008005f9c       0xd4 Middlewares/Third_Party/FreeRTOS/Source/queue.o
 .text.prvCopyDataFromQueue
                0x0000000008006070       0x4c Middlewares/Third_Party/FreeRTOS/Source/queue.o
 .text.prvUnlockQueue
                0x00000000080060bc       0xa4 Middlewares/Third_Party/FreeRTOS/Source/queue.o
 .text.prvIsQueueEmpty
                0x0000000008006160       0x2c Middlewares/Third_Party/FreeRTOS/Source/queue.o
 .text.prvIsQueueFull
                0x000000000800618c       0x30 Middlewares/Third_Party/FreeRTOS/Source/queue.o
 .text.vQueueAddToRegistry
                0x00000000080061bc       0x54 Middlewares/Third_Party/FreeRTOS/Source/queue.o
                0x00000000080061bc                vQueueAddToRegistry
 .text.vQueueWaitForMessageRestricted
                0x0000000008006210       0x68 Middlewares/Third_Party/FreeRTOS/Source/queue.o
                0x0000000008006210                vQueueWaitForMessageRestricted
 .text.xTaskCreateStatic
                0x0000000008006278       0xba Middlewares/Third_Party/FreeRTOS/Source/tasks.o
                0x0000000008006278                xTaskCreateStatic
 .text.xTaskCreate
                0x0000000008006332       0x8a Middlewares/Third_Party/FreeRTOS/Source/tasks.o
                0x0000000008006332                xTaskCreate
 .text.prvInitialiseNewTask
                0x00000000080063bc      0x11e Middlewares/Third_Party/FreeRTOS/Source/tasks.o
 *fill*         0x00000000080064da        0x2 
 .text.prvAddNewTaskToReadyList
                0x00000000080064dc       0xe0 Middlewares/Third_Party/FreeRTOS/Source/tasks.o
 .text.vTaskDelay
                0x00000000080065bc       0x68 Middlewares/Third_Party/FreeRTOS/Source/tasks.o
                0x00000000080065bc                vTaskDelay
 .text.vTaskStartScheduler
                0x0000000008006624       0xcc Middlewares/Third_Party/FreeRTOS/Source/tasks.o
                0x0000000008006624                vTaskStartScheduler
 .text.vTaskSuspendAll
                0x00000000080066f0       0x1c Middlewares/Third_Party/FreeRTOS/Source/tasks.o
                0x00000000080066f0                vTaskSuspendAll
 .text.xTaskResumeAll
                0x000000000800670c      0x13c Middlewares/Third_Party/FreeRTOS/Source/tasks.o
                0x000000000800670c                xTaskResumeAll
 .text.xTaskGetTickCount
                0x0000000008006848       0x20 Middlewares/Third_Party/FreeRTOS/Source/tasks.o
                0x0000000008006848                xTaskGetTickCount
 .text.xTaskIncrementTick
                0x0000000008006868      0x174 Middlewares/Third_Party/FreeRTOS/Source/tasks.o
                0x0000000008006868                xTaskIncrementTick
 .text.vTaskSwitchContext
                0x00000000080069dc       0xbc Middlewares/Third_Party/FreeRTOS/Source/tasks.o
                0x00000000080069dc                vTaskSwitchContext
 .text.vTaskPlaceOnEventList
                0x0000000008006a98       0x48 Middlewares/Third_Party/FreeRTOS/Source/tasks.o
                0x0000000008006a98                vTaskPlaceOnEventList
 .text.vTaskPlaceOnEventListRestricted
                0x0000000008006ae0       0x58 Middlewares/Third_Party/FreeRTOS/Source/tasks.o
                0x0000000008006ae0                vTaskPlaceOnEventListRestricted
 .text.xTaskRemoveFromEventList
                0x0000000008006b38       0xc8 Middlewares/Third_Party/FreeRTOS/Source/tasks.o
                0x0000000008006b38                xTaskRemoveFromEventList
 .text.vTaskInternalSetTimeOutState
                0x0000000008006c00       0x2c Middlewares/Third_Party/FreeRTOS/Source/tasks.o
                0x0000000008006c00                vTaskInternalSetTimeOutState
 .text.xTaskCheckForTimeOut
                0x0000000008006c2c       0xc4 Middlewares/Third_Party/FreeRTOS/Source/tasks.o
                0x0000000008006c2c                xTaskCheckForTimeOut
 .text.vTaskMissedYield
                0x0000000008006cf0       0x18 Middlewares/Third_Party/FreeRTOS/Source/tasks.o
                0x0000000008006cf0                vTaskMissedYield
 .text.prvIdleTask
                0x0000000008006d08       0x30 Middlewares/Third_Party/FreeRTOS/Source/tasks.o
 .text.prvInitialiseTaskLists
                0x0000000008006d38       0x80 Middlewares/Third_Party/FreeRTOS/Source/tasks.o
 .text.prvCheckTasksWaitingTermination
                0x0000000008006db8       0x5c Middlewares/Third_Party/FreeRTOS/Source/tasks.o
 .text.prvDeleteTCB
                0x0000000008006e14       0x5e Middlewares/Third_Party/FreeRTOS/Source/tasks.o
 *fill*         0x0000000008006e72        0x2 
 .text.prvResetNextTaskUnblockTime
                0x0000000008006e74       0x40 Middlewares/Third_Party/FreeRTOS/Source/tasks.o
 .text.xTaskGetSchedulerState
                0x0000000008006eb4       0x3c Middlewares/Third_Party/FreeRTOS/Source/tasks.o
                0x0000000008006eb4                xTaskGetSchedulerState
 .text.xTaskPriorityInherit
                0x0000000008006ef0       0xd0 Middlewares/Third_Party/FreeRTOS/Source/tasks.o
                0x0000000008006ef0                xTaskPriorityInherit
 .text.xTaskPriorityDisinherit
                0x0000000008006fc0       0xdc Middlewares/Third_Party/FreeRTOS/Source/tasks.o
                0x0000000008006fc0                xTaskPriorityDisinherit
 .text.vTaskPriorityDisinheritAfterTimeout
                0x000000000800709c      0x104 Middlewares/Third_Party/FreeRTOS/Source/tasks.o
                0x000000000800709c                vTaskPriorityDisinheritAfterTimeout
 .text.pvTaskIncrementMutexHeldCount
                0x00000000080071a0       0x28 Middlewares/Third_Party/FreeRTOS/Source/tasks.o
                0x00000000080071a0                pvTaskIncrementMutexHeldCount
 .text.prvAddCurrentTaskToDelayedList
                0x00000000080071c8       0xa8 Middlewares/Third_Party/FreeRTOS/Source/tasks.o
 .text.xTimerCreateTimerTask
                0x0000000008007270       0x90 Middlewares/Third_Party/FreeRTOS/Source/timers.o
                0x0000000008007270                xTimerCreateTimerTask
 .text.xTimerGenericCommand
                0x0000000008007300       0x9c Middlewares/Third_Party/FreeRTOS/Source/timers.o
                0x0000000008007300                xTimerGenericCommand
 .text.prvProcessExpiredTimer
                0x000000000800739c       0x98 Middlewares/Third_Party/FreeRTOS/Source/timers.o
 .text.prvTimerTask
                0x0000000008007434       0x24 Middlewares/Third_Party/FreeRTOS/Source/timers.o
 .text.prvProcessTimerOrBlockTask
                0x0000000008007458       0x9c Middlewares/Third_Party/FreeRTOS/Source/timers.o
 .text.prvGetNextExpireTime
                0x00000000080074f4       0x48 Middlewares/Third_Party/FreeRTOS/Source/timers.o
 .text.prvSampleTimeNow
                0x000000000800753c       0x40 Middlewares/Third_Party/FreeRTOS/Source/timers.o
 .text.prvInsertTimerInActiveList
                0x000000000800757c       0x84 Middlewares/Third_Party/FreeRTOS/Source/timers.o
 .text.prvProcessReceivedCommands
                0x0000000008007600      0x1c4 Middlewares/Third_Party/FreeRTOS/Source/timers.o
 .text.prvSwitchTimerLists
                0x00000000080077c4       0xc8 Middlewares/Third_Party/FreeRTOS/Source/timers.o
 .text.prvCheckForValidListAndQueue
                0x000000000800788c       0x80 Middlewares/Third_Party/FreeRTOS/Source/timers.o
 .text.pxPortInitialiseStack
                0x000000000800790c       0x68 Middlewares/Third_Party/FreeRTOS/Source/portable/GCC/ARM_CM4F/port.o
                0x000000000800790c                pxPortInitialiseStack
 .text.prvTaskExitError
                0x0000000008007974       0x58 Middlewares/Third_Party/FreeRTOS/Source/portable/GCC/ARM_CM4F/port.o
 *fill*         0x00000000080079cc        0x4 
 .text.SVC_Handler
                0x00000000080079d0       0x28 Middlewares/Third_Party/FreeRTOS/Source/portable/GCC/ARM_CM4F/port.o
                0x00000000080079d0                SVC_Handler
 .text.prvPortStartFirstTask
                0x00000000080079f8       0x28 Middlewares/Third_Party/FreeRTOS/Source/portable/GCC/ARM_CM4F/port.o
 .text.xPortStartScheduler
                0x0000000008007a20      0x144 Middlewares/Third_Party/FreeRTOS/Source/portable/GCC/ARM_CM4F/port.o
                0x0000000008007a20                xPortStartScheduler
 .text.vPortEnterCritical
                0x0000000008007b64       0x60 Middlewares/Third_Party/FreeRTOS/Source/portable/GCC/ARM_CM4F/port.o
                0x0000000008007b64                vPortEnterCritical
 .text.vPortExitCritical
                0x0000000008007bc4       0x54 Middlewares/Third_Party/FreeRTOS/Source/portable/GCC/ARM_CM4F/port.o
                0x0000000008007bc4                vPortExitCritical
 *fill*         0x0000000008007c18        0x8 
 .text.PendSV_Handler
                0x0000000008007c20       0x68 Middlewares/Third_Party/FreeRTOS/Source/portable/GCC/ARM_CM4F/port.o
                0x0000000008007c20                PendSV_Handler
 .text.SysTick_Handler
                0x0000000008007c88       0x44 Middlewares/Third_Party/FreeRTOS/Source/portable/GCC/ARM_CM4F/port.o
                0x0000000008007c88                SysTick_Handler
 .text.vPortSetupTimerInterrupt
                0x0000000008007ccc       0x48 Middlewares/Third_Party/FreeRTOS/Source/portable/GCC/ARM_CM4F/port.o
                0x0000000008007ccc                vPortSetupTimerInterrupt
 .text.vPortEnableVFP
                0x0000000008007d14       0x14 Middlewares/Third_Party/FreeRTOS/Source/portable/GCC/ARM_CM4F/port.o
 .text.vPortValidateInterruptPriority
                0x0000000008007d28       0x80 Middlewares/Third_Party/FreeRTOS/Source/portable/GCC/ARM_CM4F/port.o
                0x0000000008007d28                vPortValidateInterruptPriority
 .text.pvPortMalloc
                0x0000000008007da8      0x188 Middlewares/Third_Party/FreeRTOS/Source/portable/MemMang/heap_4.o
                0x0000000008007da8                pvPortMalloc
 .text.vPortFree
                0x0000000008007f30       0xb4 Middlewares/Third_Party/FreeRTOS/Source/portable/MemMang/heap_4.o
                0x0000000008007f30                vPortFree
 .text.prvHeapInit
                0x0000000008007fe4       0xc4 Middlewares/Third_Party/FreeRTOS/Source/portable/MemMang/heap_4.o
 .text.prvInsertBlockIntoFreeList
                0x00000000080080a8       0xb4 Middlewares/Third_Party/FreeRTOS/Source/portable/MemMang/heap_4.o
 *fill*         0x000000000800815c        0x4 
 .text.readAnalogVal1
                0x0000000008008160       0xfc analogValuesController/analogValuesController.o
                0x0000000008008160                readAnalogVal1
 .text.readAnalogVal2
                0x000000000800825c       0x94 analogValuesController/analogValuesController.o
                0x000000000800825c                readAnalogVal2
 .text.getVdda  0x00000000080082f0       0x1c analogValuesController/analogValuesController.o
                0x00000000080082f0                getVdda
 .text.getADC1  0x000000000800830c       0x1c analogValuesController/analogValuesController.o
                0x000000000800830c                getADC1
 .text.getADC2  0x0000000008008328       0x1c analogValuesController/analogValuesController.o
                0x0000000008008328                getADC2
 .text.valuesMapWFloat
                0x0000000008008344       0x6e analogValuesController/analogValuesController.o
                0x0000000008008344                valuesMapWFloat
 .text.valuesMapFloat
                0x00000000080083b2       0x74 analogValuesController/analogValuesController.o
                0x00000000080083b2                valuesMapFloat
 *fill*         0x0000000008008426        0x2 
 .text.buttonCounterIncrease
                0x0000000008008428       0x70 buttonController/buttonController.o
                0x0000000008008428                buttonCounterIncrease
 .text.selectButton_Listenner_For_MenuControl
                0x0000000008008498       0x50 buttonController/buttonController.o
                0x0000000008008498                selectButton_Listenner_For_MenuControl
 .text.plusButton_Listenner_For_MenuControl
                0x00000000080084e8       0x4c buttonController/buttonController.o
                0x00000000080084e8                plusButton_Listenner_For_MenuControl
 .text.minusButton_Listenner_For_MenuControl
                0x0000000008008534       0x4c buttonController/buttonController.o
                0x0000000008008534                minusButton_Listenner_For_MenuControl
 .text.btnParameterInit
                0x0000000008008580       0x5c buttonController/buttonController.o
                0x0000000008008580                btnParameterInit
 .text.setDriver1AngleValue
                0x00000000080085dc       0x20 buttonController/buttonController.o
                0x00000000080085dc                setDriver1AngleValue
 .text.setDriver2AngleValue
                0x00000000080085fc       0x20 buttonController/buttonController.o
                0x00000000080085fc                setDriver2AngleValue
 .text.buttonController
                0x000000000800861c      0x3a8 buttonController/buttonController.o
                0x000000000800861c                buttonController
 .text.transmissionDriver1
                0x00000000080089c4       0x30 buttonController/buttonController.o
                0x00000000080089c4                transmissionDriver1
 .text.transmissionDriver2
                0x00000000080089f4       0x38 buttonController/buttonController.o
                0x00000000080089f4                transmissionDriver2
 .text.getDriver1TransmitVal
                0x0000000008008a2c       0x24 buttonController/buttonController.o
                0x0000000008008a2c                getDriver1TransmitVal
 .text.getDriver2TransmitVal
                0x0000000008008a50       0x24 buttonController/buttonController.o
                0x0000000008008a50                getDriver2TransmitVal
 .text.getSelectedLcdVal
                0x0000000008008a74       0x18 buttonController/buttonController.o
                0x0000000008008a74                getSelectedLcdVal
 .text.getSelectedLcdItemVal
                0x0000000008008a8c       0x18 buttonController/buttonController.o
                0x0000000008008a8c                getSelectedLcdItemVal
 .text.lcd_Init
                0x0000000008008aa4      0x134 lcdDriver/lcdDriverInterface.o
                0x0000000008008aa4                lcd_Init
 .text.printToLcdDrv1Receive
                0x0000000008008bd8       0xe8 lcdDriver/lcdDriverInterface.o
                0x0000000008008bd8                printToLcdDrv1Receive
 .text.printToLcdDrv1Transmit
                0x0000000008008cc0       0xe8 lcdDriver/lcdDriverInterface.o
                0x0000000008008cc0                printToLcdDrv1Transmit
 .text.printToLcdDrv2Receive
                0x0000000008008da8       0xe8 lcdDriver/lcdDriverInterface.o
                0x0000000008008da8                printToLcdDrv2Receive
 .text.printToLcdDrv2Transmit
                0x0000000008008e90       0xe8 lcdDriver/lcdDriverInterface.o
                0x0000000008008e90                printToLcdDrv2Transmit
 .text.cleanTheLcd
                0x0000000008008f78       0x48 lcdDriver/lcdDriverInterface.o
                0x0000000008008f78                cleanTheLcd
 .text.lcdController
                0x0000000008008fc0      0x158 lcdDriver/lcdDriverInterface.o
                0x0000000008008fc0                lcdController
 .text.LCD_i2cDeviceCheck
                0x0000000008009118       0x44 lcdDriver/lcd_i2cModule.o
                0x0000000008009118                LCD_i2cDeviceCheck
 .text.LCD_Set_Command
                0x000000000800915c       0xc0 lcdDriver/lcd_i2cModule.o
                0x000000000800915c                LCD_Set_Command
 .text.LCD_Write_Data
                0x000000000800921c       0xcc lcdDriver/lcd_i2cModule.o
                0x000000000800921c                LCD_Write_Data
 .text.LCD_Clear
                0x00000000080092e8       0x54 lcdDriver/lcd_i2cModule.o
                0x00000000080092e8                LCD_Clear
 .text.LCD_SetCursor
                0x000000000800933c       0x80 lcdDriver/lcd_i2cModule.o
                0x000000000800933c                LCD_SetCursor
 .text.LCD_Send_String
                0x00000000080093bc      0x268 lcdDriver/lcd_i2cModule.o
                0x00000000080093bc                LCD_Send_String
 .text.LCD_BackLight
                0x0000000008009624       0x78 lcdDriver/lcd_i2cModule.o
                0x0000000008009624                LCD_BackLight
 .text.LCD_Init
                0x000000000800969c       0xca lcdDriver/lcd_i2cModule.o
                0x000000000800969c                LCD_Init
 .text.HAL_UART_RxCpltCallback
                0x0000000008009766       0x1c motorDriverInterface/motorDriverInterface.o
                0x0000000008009766                HAL_UART_RxCpltCallback
 .text.MDI_writeSmallDataWithRegister
                0x0000000008009782       0x42 motorDriverInterface/motorDriverInterface.o
                0x0000000008009782                MDI_writeSmallDataWithRegister
 .text.MDI_sendDataChannel1Ver2
                0x00000000080097c4       0xe0 motorDriverInterface/motorDriverInterface.o
                0x00000000080097c4                MDI_sendDataChannel1Ver2
 .text.MDI_enableGetDataChannel1
                0x00000000080098a4       0x1c motorDriverInterface/motorDriverInterface.o
                0x00000000080098a4                MDI_enableGetDataChannel1
 .text.MDI_getDataChannel1_IT
                0x00000000080098c0      0x110 motorDriverInterface/motorDriverInterface.o
                0x00000000080098c0                MDI_getDataChannel1_IT
 .text.MDI_sendDataChannel2Ver2
                0x00000000080099d0       0xf4 motorDriverInterface/motorDriverInterface.o
                0x00000000080099d0                MDI_sendDataChannel2Ver2
 .text.MDI_enableGetDataChannel2
                0x0000000008009ac4       0x1c motorDriverInterface/motorDriverInterface.o
                0x0000000008009ac4                MDI_enableGetDataChannel2
 .text.MDI_getDataChannel2_IT
                0x0000000008009ae0      0x134 motorDriverInterface/motorDriverInterface.o
                0x0000000008009ae0                MDI_getDataChannel2_IT
 .text.getDriver1ReceiveVal
                0x0000000008009c14       0x24 motorDriverInterface/motorDriverInterface.o
                0x0000000008009c14                getDriver1ReceiveVal
 .text.getDriver2ReceiveVal
                0x0000000008009c38       0x24 motorDriverInterface/motorDriverInterface.o
                0x0000000008009c38                getDriver2ReceiveVal
 .text.tasks_init
                0x0000000008009c5c      0x158 taskManagerInterface/taskManagerInterface.o
                0x0000000008009c5c                tasks_init
 .text.sendDataUart1Task
                0x0000000008009db4        0xe taskManagerInterface/taskManagerInterface.o
                0x0000000008009db4                sendDataUart1Task
 .text.sendDataUart2Task
                0x0000000008009dc2        0xe taskManagerInterface/taskManagerInterface.o
                0x0000000008009dc2                sendDataUart2Task
 .text.getDataUart1Task
                0x0000000008009dd0       0x30 taskManagerInterface/taskManagerInterface.o
                0x0000000008009dd0                getDataUart1Task
 .text.getDataUart2Task
                0x0000000008009e00       0x30 taskManagerInterface/taskManagerInterface.o
                0x0000000008009e00                getDataUart2Task
 .text.adcReadTask
                0x0000000008009e30       0x50 taskManagerInterface/taskManagerInterface.o
                0x0000000008009e30                adcReadTask
 .text.adcReadTask2
                0x0000000008009e80       0x54 taskManagerInterface/taskManagerInterface.o
                0x0000000008009e80                adcReadTask2
 .text.lcdTask  0x0000000008009ed4       0x22 taskManagerInterface/taskManagerInterface.o
                0x0000000008009ed4                lcdTask
 .text.buttonControlTask
                0x0000000008009ef6       0x18 taskManagerInterface/taskManagerInterface.o
                0x0000000008009ef6                buttonControlTask
 *fill*         0x0000000008009f0e        0x2 
 .text.__errno  0x0000000008009f10        0xc c:/st/stm32cubeide_1.6.0/stm32cubeide/plugins/com.st.stm32cube.ide.mcu.externaltools.gnu-tools-for-stm32.9-2020-q2-update.win32_1.5.0.202011040924/tools/bin/../lib/gcc/arm-none-eabi/9.3.1/../../../../arm-none-eabi/lib/thumb/v7e-m+fp/hard\libc_nano.a(lib_a-errno.o)
                0x0000000008009f10                __errno
 .text.__libc_init_array
                0x0000000008009f1c       0x48 c:/st/stm32cubeide_1.6.0/stm32cubeide/plugins/com.st.stm32cube.ide.mcu.externaltools.gnu-tools-for-stm32.9-2020-q2-update.win32_1.5.0.202011040924/tools/bin/../lib/gcc/arm-none-eabi/9.3.1/../../../../arm-none-eabi/lib/thumb/v7e-m+fp/hard\libc_nano.a(lib_a-init.o)
                0x0000000008009f1c                __libc_init_array
 .text.memcpy   0x0000000008009f64       0x1c c:/st/stm32cubeide_1.6.0/stm32cubeide/plugins/com.st.stm32cube.ide.mcu.externaltools.gnu-tools-for-stm32.9-2020-q2-update.win32_1.5.0.202011040924/tools/bin/../lib/gcc/arm-none-eabi/9.3.1/../../../../arm-none-eabi/lib/thumb/v7e-m+fp/hard\libc_nano.a(lib_a-memcpy-stub.o)
                0x0000000008009f64                memcpy
 .text.memset   0x0000000008009f80       0x10 c:/st/stm32cubeide_1.6.0/stm32cubeide/plugins/com.st.stm32cube.ide.mcu.externaltools.gnu-tools-for-stm32.9-2020-q2-update.win32_1.5.0.202011040924/tools/bin/../lib/gcc/arm-none-eabi/9.3.1/../../../../arm-none-eabi/lib/thumb/v7e-m+fp/hard\libc_nano.a(lib_a-memset.o)
                0x0000000008009f80                memset
 .text.sprintf  0x0000000008009f90       0x40 c:/st/stm32cubeide_1.6.0/stm32cubeide/plugins/com.st.stm32cube.ide.mcu.externaltools.gnu-tools-for-stm32.9-2020-q2-update.win32_1.5.0.202011040924/tools/bin/../lib/gcc/arm-none-eabi/9.3.1/../../../../arm-none-eabi/lib/thumb/v7e-m+fp/hard\libc_nano.a(lib_a-sprintf.o)
                0x0000000008009f90                siprintf
                0x0000000008009f90                sprintf
 .text.__ssputs_r
                0x0000000008009fd0       0xb6 c:/st/stm32cubeide_1.6.0/stm32cubeide/plugins/com.st.stm32cube.ide.mcu.externaltools.gnu-tools-for-stm32.9-2020-q2-update.win32_1.5.0.202011040924/tools/bin/../lib/gcc/arm-none-eabi/9.3.1/../../../../arm-none-eabi/lib/thumb/v7e-m+fp/hard\libc_nano.a(lib_a-nano-svfprintf.o)
                0x0000000008009fd0                __ssputs_r
 *fill*         0x000000000800a086        0x2 
 .text._svfprintf_r
                0x000000000800a088      0x200 c:/st/stm32cubeide_1.6.0/stm32cubeide/plugins/com.st.stm32cube.ide.mcu.externaltools.gnu-tools-for-stm32.9-2020-q2-update.win32_1.5.0.202011040924/tools/bin/../lib/gcc/arm-none-eabi/9.3.1/../../../../arm-none-eabi/lib/thumb/v7e-m+fp/hard\libc_nano.a(lib_a-nano-svfprintf.o)
                0x000000000800a088                _svfiprintf_r
                0x000000000800a088                _svfprintf_r
 .text._printf_common
                0x000000000800a288       0xda c:/st/stm32cubeide_1.6.0/stm32cubeide/plugins/com.st.stm32cube.ide.mcu.externaltools.gnu-tools-for-stm32.9-2020-q2-update.win32_1.5.0.202011040924/tools/bin/../lib/gcc/arm-none-eabi/9.3.1/../../../../arm-none-eabi/lib/thumb/v7e-m+fp/hard\libc_nano.a(lib_a-nano-vfprintf_i.o)
                0x000000000800a288                _printf_common
 *fill*         0x000000000800a362        0x2 
 .text._printf_i
                0x000000000800a364      0x24c c:/st/stm32cubeide_1.6.0/stm32cubeide/plugins/com.st.stm32cube.ide.mcu.externaltools.gnu-tools-for-stm32.9-2020-q2-update.win32_1.5.0.202011040924/tools/bin/../lib/gcc/arm-none-eabi/9.3.1/../../../../arm-none-eabi/lib/thumb/v7e-m+fp/hard\libc_nano.a(lib_a-nano-vfprintf_i.o)
                0x000000000800a364                _printf_i
 .text.memmove  0x000000000800a5b0       0x34 c:/st/stm32cubeide_1.6.0/stm32cubeide/plugins/com.st.stm32cube.ide.mcu.externaltools.gnu-tools-for-stm32.9-2020-q2-update.win32_1.5.0.202011040924/tools/bin/../lib/gcc/arm-none-eabi/9.3.1/../../../../arm-none-eabi/lib/thumb/v7e-m+fp/hard\libc_nano.a(lib_a-memmove.o)
                0x000000000800a5b0                memmove
 .text._free_r  0x000000000800a5e4       0xa0 c:/st/stm32cubeide_1.6.0/stm32cubeide/plugins/com.st.stm32cube.ide.mcu.externaltools.gnu-tools-for-stm32.9-2020-q2-update.win32_1.5.0.202011040924/tools/bin/../lib/gcc/arm-none-eabi/9.3.1/../../../../arm-none-eabi/lib/thumb/v7e-m+fp/hard\libc_nano.a(lib_a-nano-freer.o)
                0x000000000800a5e4                _free_r
 .text._malloc_r
                0x000000000800a684       0xb4 c:/st/stm32cubeide_1.6.0/stm32cubeide/plugins/com.st.stm32cube.ide.mcu.externaltools.gnu-tools-for-stm32.9-2020-q2-update.win32_1.5.0.202011040924/tools/bin/../lib/gcc/arm-none-eabi/9.3.1/../../../../arm-none-eabi/lib/thumb/v7e-m+fp/hard\libc_nano.a(lib_a-nano-mallocr.o)
                0x000000000800a684                _malloc_r
 .text._realloc_r
                0x000000000800a738       0x4c c:/st/stm32cubeide_1.6.0/stm32cubeide/plugins/com.st.stm32cube.ide.mcu.externaltools.gnu-tools-for-stm32.9-2020-q2-update.win32_1.5.0.202011040924/tools/bin/../lib/gcc/arm-none-eabi/9.3.1/../../../../arm-none-eabi/lib/thumb/v7e-m+fp/hard\libc_nano.a(lib_a-nano-reallocr.o)
                0x000000000800a738                _realloc_r
 .text._sbrk_r  0x000000000800a784       0x20 c:/st/stm32cubeide_1.6.0/stm32cubeide/plugins/com.st.stm32cube.ide.mcu.externaltools.gnu-tools-for-stm32.9-2020-q2-update.win32_1.5.0.202011040924/tools/bin/../lib/gcc/arm-none-eabi/9.3.1/../../../../arm-none-eabi/lib/thumb/v7e-m+fp/hard\libc_nano.a(lib_a-sbrkr.o)
                0x000000000800a784                _sbrk_r
 .text.__malloc_lock
                0x000000000800a7a4        0xc c:/st/stm32cubeide_1.6.0/stm32cubeide/plugins/com.st.stm32cube.ide.mcu.externaltools.gnu-tools-for-stm32.9-2020-q2-update.win32_1.5.0.202011040924/tools/bin/../lib/gcc/arm-none-eabi/9.3.1/../../../../arm-none-eabi/lib/thumb/v7e-m+fp/hard\libc_nano.a(lib_a-mlock.o)
                0x000000000800a7a4                __malloc_lock
 .text.__malloc_unlock
                0x000000000800a7b0        0xc c:/st/stm32cubeide_1.6.0/stm32cubeide/plugins/com.st.stm32cube.ide.mcu.externaltools.gnu-tools-for-stm32.9-2020-q2-update.win32_1.5.0.202011040924/tools/bin/../lib/gcc/arm-none-eabi/9.3.1/../../../../arm-none-eabi/lib/thumb/v7e-m+fp/hard\libc_nano.a(lib_a-mlock.o)
                0x000000000800a7b0                __malloc_unlock
 .text._malloc_usable_size_r
                0x000000000800a7bc       0x10 c:/st/stm32cubeide_1.6.0/stm32cubeide/plugins/com.st.stm32cube.ide.mcu.externaltools.gnu-tools-for-stm32.9-2020-q2-update.win32_1.5.0.202011040924/tools/bin/../lib/gcc/arm-none-eabi/9.3.1/../../../../arm-none-eabi/lib/thumb/v7e-m+fp/hard\libc_nano.a(lib_a-nano-msizer.o)
                0x000000000800a7bc                _malloc_usable_size_r
 .text.__retarget_lock_acquire_recursive
                0x000000000800a7cc        0x2 c:/st/stm32cubeide_1.6.0/stm32cubeide/plugins/com.st.stm32cube.ide.mcu.externaltools.gnu-tools-for-stm32.9-2020-q2-update.win32_1.5.0.202011040924/tools/bin/../lib/gcc/arm-none-eabi/9.3.1/../../../../arm-none-eabi/lib/thumb/v7e-m+fp/hard\libc_nano.a(lib_a-lock.o)
                0x000000000800a7cc                __retarget_lock_acquire_recursive
 .text.__retarget_lock_release_recursive
                0x000000000800a7ce        0x2 c:/st/stm32cubeide_1.6.0/stm32cubeide/plugins/com.st.stm32cube.ide.mcu.externaltools.gnu-tools-for-stm32.9-2020-q2-update.win32_1.5.0.202011040924/tools/bin/../lib/gcc/arm-none-eabi/9.3.1/../../../../arm-none-eabi/lib/thumb/v7e-m+fp/hard\libc_nano.a(lib_a-lock.o)
                0x000000000800a7ce                __retarget_lock_release_recursive
 *(.glue_7)
 .glue_7        0x000000000800a7d0        0x0 linker stubs
 *(.glue_7t)
 .glue_7t       0x000000000800a7d0        0x0 linker stubs
 *(.eh_frame)
 .eh_frame      0x000000000800a7d0        0x0 c:/st/stm32cubeide_1.6.0/stm32cubeide/plugins/com.st.stm32cube.ide.mcu.externaltools.gnu-tools-for-stm32.9-2020-q2-update.win32_1.5.0.202011040924/tools/bin/../lib/gcc/arm-none-eabi/9.3.1/thumb/v7e-m+fp/hard/crtbegin.o
 *(.init)
 .init          0x000000000800a7d0        0x4 c:/st/stm32cubeide_1.6.0/stm32cubeide/plugins/com.st.stm32cube.ide.mcu.externaltools.gnu-tools-for-stm32.9-2020-q2-update.win32_1.5.0.202011040924/tools/bin/../lib/gcc/arm-none-eabi/9.3.1/thumb/v7e-m+fp/hard/crti.o
                0x000000000800a7d0                _init
 .init          0x000000000800a7d4        0x8 c:/st/stm32cubeide_1.6.0/stm32cubeide/plugins/com.st.stm32cube.ide.mcu.externaltools.gnu-tools-for-stm32.9-2020-q2-update.win32_1.5.0.202011040924/tools/bin/../lib/gcc/arm-none-eabi/9.3.1/thumb/v7e-m+fp/hard/crtn.o
 *(.fini)
 .fini          0x000000000800a7dc        0x4 c:/st/stm32cubeide_1.6.0/stm32cubeide/plugins/com.st.stm32cube.ide.mcu.externaltools.gnu-tools-for-stm32.9-2020-q2-update.win32_1.5.0.202011040924/tools/bin/../lib/gcc/arm-none-eabi/9.3.1/thumb/v7e-m+fp/hard/crti.o
                0x000000000800a7dc                _fini
 .fini          0x000000000800a7e0        0x8 c:/st/stm32cubeide_1.6.0/stm32cubeide/plugins/com.st.stm32cube.ide.mcu.externaltools.gnu-tools-for-stm32.9-2020-q2-update.win32_1.5.0.202011040924/tools/bin/../lib/gcc/arm-none-eabi/9.3.1/thumb/v7e-m+fp/hard/crtn.o
                0x000000000800a7e8                . = ALIGN (0x4)
                0x000000000800a7e8                _etext = .

.vfp11_veneer   0x000000000800a7e8        0x0
 .vfp11_veneer  0x000000000800a7e8        0x0 linker stubs

.v4_bx          0x000000000800a7e8        0x0
 .v4_bx         0x000000000800a7e8        0x0 linker stubs

.iplt           0x000000000800a7e8        0x0
 .iplt          0x000000000800a7e8        0x0 c:/st/stm32cubeide_1.6.0/stm32cubeide/plugins/com.st.stm32cube.ide.mcu.externaltools.gnu-tools-for-stm32.9-2020-q2-update.win32_1.5.0.202011040924/tools/bin/../lib/gcc/arm-none-eabi/9.3.1/thumb/v7e-m+fp/hard/crtbegin.o

.rodata         0x000000000800a7e8      0x1f8
                0x000000000800a7e8                . = ALIGN (0x4)
 *(.rodata)
 .rodata        0x000000000800a7e8        0xc Core/Src/main.o
 .rodata        0x000000000800a7f4        0x5 Middlewares/Third_Party/FreeRTOS/Source/tasks.o
 *fill*         0x000000000800a7f9        0x3 
 .rodata        0x000000000800a7fc        0xd Middlewares/Third_Party/FreeRTOS/Source/timers.o
 *fill*         0x000000000800a809        0x3 
 .rodata        0x000000000800a80c       0xd6 lcdDriver/lcdDriverInterface.o
 *fill*         0x000000000800a8e2        0x2 
 .rodata        0x000000000800a8e4       0x6a taskManagerInterface/taskManagerInterface.o
 *(.rodata*)
 *fill*         0x000000000800a94e        0x2 
 .rodata.defaultTask_attributes
                0x000000000800a950       0x24 Core/Src/main.o
                0x000000000800a950                defaultTask_attributes
 .rodata.AHBPrescTable
                0x000000000800a974       0x10 Core/Src/system_stm32f4xx.o
                0x000000000800a974                AHBPrescTable
 .rodata.APBPrescTable
                0x000000000800a984        0x8 Core/Src/system_stm32f4xx.o
                0x000000000800a984                APBPrescTable
 .rodata.Cursor_Data
                0x000000000800a98c       0x20 lcdDriver/lcd_i2cModule.o
 .rodata._svfprintf_r.str1.1
                0x000000000800a9ac       0x11 c:/st/stm32cubeide_1.6.0/stm32cubeide/plugins/com.st.stm32cube.ide.mcu.externaltools.gnu-tools-for-stm32.9-2020-q2-update.win32_1.5.0.202011040924/tools/bin/../lib/gcc/arm-none-eabi/9.3.1/../../../../arm-none-eabi/lib/thumb/v7e-m+fp/hard\libc_nano.a(lib_a-nano-svfprintf.o)
 .rodata._printf_i.str1.1
                0x000000000800a9bd       0x22 c:/st/stm32cubeide_1.6.0/stm32cubeide/plugins/com.st.stm32cube.ide.mcu.externaltools.gnu-tools-for-stm32.9-2020-q2-update.win32_1.5.0.202011040924/tools/bin/../lib/gcc/arm-none-eabi/9.3.1/../../../../arm-none-eabi/lib/thumb/v7e-m+fp/hard\libc_nano.a(lib_a-nano-vfprintf_i.o)
                0x000000000800a9e0                . = ALIGN (0x4)
 *fill*         0x000000000800a9df        0x1 

.ARM.extab      0x000000000800a9e0        0x0
                0x000000000800a9e0                . = ALIGN (0x4)
 *(.ARM.extab* .gnu.linkonce.armextab.*)
                0x000000000800a9e0                . = ALIGN (0x4)

.ARM            0x000000000800a9e0        0x8
                0x000000000800a9e0                . = ALIGN (0x4)
                0x000000000800a9e0                __exidx_start = .
 *(.ARM.exidx*)
 .ARM.exidx     0x000000000800a9e0        0x8 c:/st/stm32cubeide_1.6.0/stm32cubeide/plugins/com.st.stm32cube.ide.mcu.externaltools.gnu-tools-for-stm32.9-2020-q2-update.win32_1.5.0.202011040924/tools/bin/../lib/gcc/arm-none-eabi/9.3.1/thumb/v7e-m+fp/hard\libgcc.a(_udivmoddi4.o)
                0x000000000800a9e8                __exidx_end = .
                0x000000000800a9e8                . = ALIGN (0x4)

.rel.dyn        0x000000000800a9e8        0x0
 .rel.iplt      0x000000000800a9e8        0x0 c:/st/stm32cubeide_1.6.0/stm32cubeide/plugins/com.st.stm32cube.ide.mcu.externaltools.gnu-tools-for-stm32.9-2020-q2-update.win32_1.5.0.202011040924/tools/bin/../lib/gcc/arm-none-eabi/9.3.1/thumb/v7e-m+fp/hard/crtbegin.o

.preinit_array  0x000000000800a9e8        0x0
                0x000000000800a9e8                . = ALIGN (0x4)
                0x000000000800a9e8                PROVIDE (__preinit_array_start = .)
 *(.preinit_array*)
                0x000000000800a9e8                PROVIDE (__preinit_array_end = .)
                0x000000000800a9e8                . = ALIGN (0x4)

.init_array     0x000000000800a9e8        0x4
                0x000000000800a9e8                . = ALIGN (0x4)
                0x000000000800a9e8                PROVIDE (__init_array_start = .)
 *(SORT_BY_NAME(.init_array.*))
 *(.init_array*)
 .init_array    0x000000000800a9e8        0x4 c:/st/stm32cubeide_1.6.0/stm32cubeide/plugins/com.st.stm32cube.ide.mcu.externaltools.gnu-tools-for-stm32.9-2020-q2-update.win32_1.5.0.202011040924/tools/bin/../lib/gcc/arm-none-eabi/9.3.1/thumb/v7e-m+fp/hard/crtbegin.o
                0x000000000800a9ec                PROVIDE (__init_array_end = .)
                0x000000000800a9ec                . = ALIGN (0x4)

.fini_array     0x000000000800a9ec        0x4
                0x000000000800a9ec                . = ALIGN (0x4)
                [!provide]                        PROVIDE (__fini_array_start = .)
 *(SORT_BY_NAME(.fini_array.*))
 *(.fini_array*)
 .fini_array    0x000000000800a9ec        0x4 c:/st/stm32cubeide_1.6.0/stm32cubeide/plugins/com.st.stm32cube.ide.mcu.externaltools.gnu-tools-for-stm32.9-2020-q2-update.win32_1.5.0.202011040924/tools/bin/../lib/gcc/arm-none-eabi/9.3.1/thumb/v7e-m+fp/hard/crtbegin.o
                [!provide]                        PROVIDE (__fini_array_end = .)
                0x000000000800a9f0                . = ALIGN (0x4)
                0x000000000800a9f0                _sidata = LOADADDR (.data)

.data           0x0000000020000000       0x78 load address 0x000000000800a9f0
                0x0000000020000000                . = ALIGN (0x4)
                0x0000000020000000                _sdata = .
 *(.data)
 *(.data*)
 .data.SystemCoreClock
                0x0000000020000000        0x4 Core/Src/system_stm32f4xx.o
                0x0000000020000000                SystemCoreClock
 .data.uwTickPrio
                0x0000000020000004        0x4 Drivers/STM32F4xx_HAL_Driver/Src/stm32f4xx_hal.o
                0x0000000020000004                uwTickPrio
 .data.uwTickFreq
                0x0000000020000008        0x1 Drivers/STM32F4xx_HAL_Driver/Src/stm32f4xx_hal.o
                0x0000000020000008                uwTickFreq
 *fill*         0x0000000020000009        0x3 
 .data.uxCriticalNesting
                0x000000002000000c        0x4 Middlewares/Third_Party/FreeRTOS/Source/portable/GCC/ARM_CM4F/port.o
 .data.selectedMDI.9020
                0x0000000020000010        0x1 buttonController/buttonController.o
 .data.i2cDeviceAddr
                0x0000000020000011        0x1 lcdDriver/lcd_i2cModule.o
                0x0000000020000011                i2cDeviceAddr
 .data.Mask_Data
                0x0000000020000012        0x1 lcdDriver/lcd_i2cModule.o
 .data.line_pos
                0x0000000020000013        0x1 lcdDriver/lcd_i2cModule.o
 .data._impure_ptr
                0x0000000020000014        0x4 c:/st/stm32cubeide_1.6.0/stm32cubeide/plugins/com.st.stm32cube.ide.mcu.externaltools.gnu-tools-for-stm32.9-2020-q2-update.win32_1.5.0.202011040924/tools/bin/../lib/gcc/arm-none-eabi/9.3.1/../../../../arm-none-eabi/lib/thumb/v7e-m+fp/hard\libc_nano.a(lib_a-impure.o)
                0x0000000020000014                _impure_ptr
 .data.impure_data
                0x0000000020000018       0x60 c:/st/stm32cubeide_1.6.0/stm32cubeide/plugins/com.st.stm32cube.ide.mcu.externaltools.gnu-tools-for-stm32.9-2020-q2-update.win32_1.5.0.202011040924/tools/bin/../lib/gcc/arm-none-eabi/9.3.1/../../../../arm-none-eabi/lib/thumb/v7e-m+fp/hard\libc_nano.a(lib_a-impure.o)
 *(.RamFunc)
 *(.RamFunc*)
                0x0000000020000078                . = ALIGN (0x4)
                0x0000000020000078                _edata = .

.igot.plt       0x0000000020000078        0x0 load address 0x000000000800aa68
 .igot.plt      0x0000000020000078        0x0 c:/st/stm32cubeide_1.6.0/stm32cubeide/plugins/com.st.stm32cube.ide.mcu.externaltools.gnu-tools-for-stm32.9-2020-q2-update.win32_1.5.0.202011040924/tools/bin/../lib/gcc/arm-none-eabi/9.3.1/thumb/v7e-m+fp/hard/crtbegin.o
                0x0000000020000078                . = ALIGN (0x4)

.bss            0x0000000020000078     0x4cec load address 0x000000000800aa68
                0x0000000020000078                _sbss = .
                0x0000000020000078                __bss_start__ = _sbss
 *(.bss)
 .bss           0x0000000020000078       0x1c c:/st/stm32cubeide_1.6.0/stm32cubeide/plugins/com.st.stm32cube.ide.mcu.externaltools.gnu-tools-for-stm32.9-2020-q2-update.win32_1.5.0.202011040924/tools/bin/../lib/gcc/arm-none-eabi/9.3.1/thumb/v7e-m+fp/hard/crtbegin.o
 *(.bss*)
 .bss.__sbrk_heap_end
                0x0000000020000094        0x4 Core/Src/sysmem.o
 .bss.KernelState
                0x0000000020000098        0x4 Middlewares/Third_Party/FreeRTOS/Source/CMSIS_RTOS_V2/cmsis_os2.o
 .bss.Idle_TCB  0x000000002000009c       0x5c Middlewares/Third_Party/FreeRTOS/Source/CMSIS_RTOS_V2/cmsis_os2.o
 .bss.Idle_Stack
                0x00000000200000f8      0x200 Middlewares/Third_Party/FreeRTOS/Source/CMSIS_RTOS_V2/cmsis_os2.o
 .bss.Timer_TCB
                0x00000000200002f8       0x5c Middlewares/Third_Party/FreeRTOS/Source/CMSIS_RTOS_V2/cmsis_os2.o
 .bss.Timer_Stack
                0x0000000020000354      0x400 Middlewares/Third_Party/FreeRTOS/Source/CMSIS_RTOS_V2/cmsis_os2.o
 .bss.pxCurrentTCB
                0x0000000020000754        0x4 Middlewares/Third_Party/FreeRTOS/Source/tasks.o
                0x0000000020000754                pxCurrentTCB
 .bss.pxReadyTasksLists
                0x0000000020000758      0x460 Middlewares/Third_Party/FreeRTOS/Source/tasks.o
 .bss.xDelayedTaskList1
                0x0000000020000bb8       0x14 Middlewares/Third_Party/FreeRTOS/Source/tasks.o
 .bss.xDelayedTaskList2
                0x0000000020000bcc       0x14 Middlewares/Third_Party/FreeRTOS/Source/tasks.o
 .bss.pxDelayedTaskList
                0x0000000020000be0        0x4 Middlewares/Third_Party/FreeRTOS/Source/tasks.o
 .bss.pxOverflowDelayedTaskList
                0x0000000020000be4        0x4 Middlewares/Third_Party/FreeRTOS/Source/tasks.o
 .bss.xPendingReadyList
                0x0000000020000be8       0x14 Middlewares/Third_Party/FreeRTOS/Source/tasks.o
 .bss.xTasksWaitingTermination
                0x0000000020000bfc       0x14 Middlewares/Third_Party/FreeRTOS/Source/tasks.o
 .bss.uxDeletedTasksWaitingCleanUp
                0x0000000020000c10        0x4 Middlewares/Third_Party/FreeRTOS/Source/tasks.o
 .bss.xSuspendedTaskList
                0x0000000020000c14       0x14 Middlewares/Third_Party/FreeRTOS/Source/tasks.o
 .bss.uxCurrentNumberOfTasks
                0x0000000020000c28        0x4 Middlewares/Third_Party/FreeRTOS/Source/tasks.o
 .bss.xTickCount
                0x0000000020000c2c        0x4 Middlewares/Third_Party/FreeRTOS/Source/tasks.o
 .bss.uxTopReadyPriority
                0x0000000020000c30        0x4 Middlewares/Third_Party/FreeRTOS/Source/tasks.o
 .bss.xSchedulerRunning
                0x0000000020000c34        0x4 Middlewares/Third_Party/FreeRTOS/Source/tasks.o
 .bss.uxPendedTicks
                0x0000000020000c38        0x4 Middlewares/Third_Party/FreeRTOS/Source/tasks.o
 .bss.xYieldPending
                0x0000000020000c3c        0x4 Middlewares/Third_Party/FreeRTOS/Source/tasks.o
 .bss.xNumOfOverflows
                0x0000000020000c40        0x4 Middlewares/Third_Party/FreeRTOS/Source/tasks.o
 .bss.uxTaskNumber
                0x0000000020000c44        0x4 Middlewares/Third_Party/FreeRTOS/Source/tasks.o
 .bss.xNextTaskUnblockTime
                0x0000000020000c48        0x4 Middlewares/Third_Party/FreeRTOS/Source/tasks.o
 .bss.xIdleTaskHandle
                0x0000000020000c4c        0x4 Middlewares/Third_Party/FreeRTOS/Source/tasks.o
 .bss.uxSchedulerSuspended
                0x0000000020000c50        0x4 Middlewares/Third_Party/FreeRTOS/Source/tasks.o
 .bss.xActiveTimerList1
                0x0000000020000c54       0x14 Middlewares/Third_Party/FreeRTOS/Source/timers.o
 .bss.xActiveTimerList2
                0x0000000020000c68       0x14 Middlewares/Third_Party/FreeRTOS/Source/timers.o
 .bss.pxCurrentTimerList
                0x0000000020000c7c        0x4 Middlewares/Third_Party/FreeRTOS/Source/timers.o
 .bss.pxOverflowTimerList
                0x0000000020000c80        0x4 Middlewares/Third_Party/FreeRTOS/Source/timers.o
 .bss.xTimerQueue
                0x0000000020000c84        0x4 Middlewares/Third_Party/FreeRTOS/Source/timers.o
 .bss.xTimerTaskHandle
                0x0000000020000c88        0x4 Middlewares/Third_Party/FreeRTOS/Source/timers.o
 .bss.xLastTime.6901
                0x0000000020000c8c        0x4 Middlewares/Third_Party/FreeRTOS/Source/timers.o
 .bss.ucStaticTimerQueueStorage.6952
                0x0000000020000c90       0xa0 Middlewares/Third_Party/FreeRTOS/Source/timers.o
 .bss.xStaticTimerQueue.6951
                0x0000000020000d30       0x50 Middlewares/Third_Party/FreeRTOS/Source/timers.o
 .bss.ucMaxSysCallPriority
                0x0000000020000d80        0x1 Middlewares/Third_Party/FreeRTOS/Source/portable/GCC/ARM_CM4F/port.o
 *fill*         0x0000000020000d81        0x3 
 .bss.ulMaxPRIGROUPValue
                0x0000000020000d84        0x4 Middlewares/Third_Party/FreeRTOS/Source/portable/GCC/ARM_CM4F/port.o
 .bss.ucHeap    0x0000000020000d88     0x3c00 Middlewares/Third_Party/FreeRTOS/Source/portable/MemMang/heap_4.o
 .bss.xStart    0x0000000020004988        0x8 Middlewares/Third_Party/FreeRTOS/Source/portable/MemMang/heap_4.o
 .bss.pxEnd     0x0000000020004990        0x4 Middlewares/Third_Party/FreeRTOS/Source/portable/MemMang/heap_4.o
 .bss.xFreeBytesRemaining
                0x0000000020004994        0x4 Middlewares/Third_Party/FreeRTOS/Source/portable/MemMang/heap_4.o
 .bss.xMinimumEverFreeBytesRemaining
                0x0000000020004998        0x4 Middlewares/Third_Party/FreeRTOS/Source/portable/MemMang/heap_4.o
 .bss.xBlockAllocatedBit
                0x000000002000499c        0x4 Middlewares/Third_Party/FreeRTOS/Source/portable/MemMang/heap_4.o
 .bss.filter1.8575
                0x00000000200049a0        0x4 analogValuesController/analogValuesController.o
 .bss.filter2.8583
                0x00000000200049a4        0x4 analogValuesController/analogValuesController.o
 .bss.selectbtncounter
                0x00000000200049a8        0x2 buttonController/buttonController.o
 .bss.plusbtncounter
                0x00000000200049aa        0x2 buttonController/buttonController.o
 .bss.minusbtncounter
                0x00000000200049ac        0x2 buttonController/buttonController.o
 .bss.selectedLcd
                0x00000000200049ae        0x1 buttonController/buttonController.o
                0x00000000200049ae                selectedLcd
 .bss.selectedLcdItem
                0x00000000200049af        0x1 buttonController/buttonController.o
                0x00000000200049af                selectedLcdItem
 .bss.selectBtnListenner.9021
                0x00000000200049b0        0x1 buttonController/buttonController.o
 *fill*         0x00000000200049b1        0x3 
 .bss.item.9024
                0x00000000200049b4        0x4 buttonController/buttonController.o
 .bss.plusBtnListenner.9022
                0x00000000200049b8        0x1 buttonController/buttonController.o
 .bss.minusBtnListenner.9023
                0x00000000200049b9        0x1 buttonController/buttonController.o
 .bss.statuVal.9103
                0x00000000200049ba        0x1 lcdDriver/lcdDriverInterface.o
 .bss.itemVal.9102
                0x00000000200049bb        0x1 lcdDriver/lcdDriverInterface.o
 .bss.temp1.9100
                0x00000000200049bc        0x6 lcdDriver/lcdDriverInterface.o
 *fill*         0x00000000200049c2        0x2 
 .bss.temp2.9101
                0x00000000200049c4        0xc lcdDriver/lcdDriverInterface.o
 .bss.data      0x00000000200049d0        0x4 lcdDriver/lcd_i2cModule.o
 .bss.data_M    0x00000000200049d4        0x1 lcdDriver/lcd_i2cModule.o
 .bss.data_L    0x00000000200049d5        0x1 lcdDriver/lcd_i2cModule.o
 .bss.data_BL   0x00000000200049d6        0x1 lcdDriver/lcd_i2cModule.o
 .bss.str_len   0x00000000200049d7        0x1 lcdDriver/lcd_i2cModule.o
 .bss.getTmpCH1
                0x00000000200049d8        0x1 motorDriverInterface/motorDriverInterface.o
                0x00000000200049d8                getTmpCH1
 *fill*         0x00000000200049d9        0x3 
 .bss.tmpArr1   0x00000000200049dc        0xa motorDriverInterface/motorDriverInterface.o
 .bss.getTmpCH2
                0x00000000200049e6        0x1 motorDriverInterface/motorDriverInterface.o
                0x00000000200049e6                getTmpCH2
 *fill*         0x00000000200049e7        0x1 
 .bss.tmpArr2   0x00000000200049e8       0x10 motorDriverInterface/motorDriverInterface.o
 .bss.getTmpBeff.9121
                0x00000000200049f8        0x1 motorDriverInterface/motorDriverInterface.o
 .bss.counter.9120
                0x00000000200049f9        0x1 motorDriverInterface/motorDriverInterface.o
 .bss.getTmpBeff.9226
                0x00000000200049fa        0x1 motorDriverInterface/motorDriverInterface.o
 .bss.counter.9225
                0x00000000200049fb        0x1 motorDriverInterface/motorDriverInterface.o
 .bss.uart1SemphrHandle
                0x00000000200049fc        0x4 taskManagerInterface/taskManagerInterface.o
                0x00000000200049fc                uart1SemphrHandle
 .bss.uart2SemphrHandle
                0x0000000020004a00        0x4 taskManagerInterface/taskManagerInterface.o
                0x0000000020004a00                uart2SemphrHandle
 .bss.__malloc_free_list
                0x0000000020004a04        0x4 c:/st/stm32cubeide_1.6.0/stm32cubeide/plugins/com.st.stm32cube.ide.mcu.externaltools.gnu-tools-for-stm32.9-2020-q2-update.win32_1.5.0.202011040924/tools/bin/../lib/gcc/arm-none-eabi/9.3.1/../../../../arm-none-eabi/lib/thumb/v7e-m+fp/hard\libc_nano.a(lib_a-nano-mallocr.o)
                0x0000000020004a04                __malloc_free_list
 .bss.__malloc_sbrk_start
                0x0000000020004a08        0x4 c:/st/stm32cubeide_1.6.0/stm32cubeide/plugins/com.st.stm32cube.ide.mcu.externaltools.gnu-tools-for-stm32.9-2020-q2-update.win32_1.5.0.202011040924/tools/bin/../lib/gcc/arm-none-eabi/9.3.1/../../../../arm-none-eabi/lib/thumb/v7e-m+fp/hard\libc_nano.a(lib_a-nano-mallocr.o)
                0x0000000020004a08                __malloc_sbrk_start
 *(COMMON)
 COMMON         0x0000000020004a0c      0x23c Core/Src/main.o
                0x0000000020004a0c                defaultTaskHandle
                0x0000000020004a10                hadc2
                0x0000000020004a58                hi2c1
                0x0000000020004aac                hi2c2
                0x0000000020004b00                huart5
                0x0000000020004b40                hadc1
                0x0000000020004b88                huart1
                0x0000000020004bc8                huart4
                0x0000000020004c08                htim2
 COMMON         0x0000000020004c48       0x40 Core/Src/stm32f4xx_hal_timebase_tim.o
                0x0000000020004c48                htim1
 COMMON         0x0000000020004c88        0x4 Drivers/STM32F4xx_HAL_Driver/Src/stm32f4xx_hal.o
                0x0000000020004c88                uwTick
 COMMON         0x0000000020004c8c       0x40 Middlewares/Third_Party/FreeRTOS/Source/queue.o
                0x0000000020004c8c                xQueueRegistry
 COMMON         0x0000000020004ccc       0x14 analogValuesController/analogValuesController.o
                0x0000000020004ccc                Vadc2
                0x0000000020004cd0                Vadc1
                0x0000000020004cd4                analogValue2
                0x0000000020004cd8                Vdda
                0x0000000020004cdc                vref
                0x0000000020004cde                analogValue1
 COMMON         0x0000000020004ce0       0x14 buttonController/buttonController.o
                0x0000000020004ce0                drv1
                0x0000000020004ce8                drv2
 COMMON         0x0000000020004cf4       0x14 lcdDriver/lcdDriverInterface.o
                0x0000000020004cf4                lcdBuff
 COMMON         0x0000000020004d08       0x49 motorDriverInterface/motorDriverInterface.o
                0x0000000020004d08                driver2
                0x0000000020004d10                driver1
                0x0000000020004d18                rec2Buff
                0x0000000020004d2c                getFirstData1
                0x0000000020004d30                travelMotor
                0x0000000020004d3c                rec1Buff
                0x0000000020004d50                getFirstData2
 *fill*         0x0000000020004d51        0x3 
 COMMON         0x0000000020004d54        0x4 c:/st/stm32cubeide_1.6.0/stm32cubeide/plugins/com.st.stm32cube.ide.mcu.externaltools.gnu-tools-for-stm32.9-2020-q2-update.win32_1.5.0.202011040924/tools/bin/../lib/gcc/arm-none-eabi/9.3.1/../../../../arm-none-eabi/lib/thumb/v7e-m+fp/hard\libc_nano.a(lib_a-reent.o)
                0x0000000020004d54                errno
 COMMON         0x0000000020004d58        0x9 c:/st/stm32cubeide_1.6.0/stm32cubeide/plugins/com.st.stm32cube.ide.mcu.externaltools.gnu-tools-for-stm32.9-2020-q2-update.win32_1.5.0.202011040924/tools/bin/../lib/gcc/arm-none-eabi/9.3.1/../../../../arm-none-eabi/lib/thumb/v7e-m+fp/hard\libc_nano.a(lib_a-lock.o)
                0x0000000020004d58                __lock___atexit_recursive_mutex
                0x0000000020004d59                __lock___arc4random_mutex
                0x0000000020004d5a                __lock___env_recursive_mutex
                0x0000000020004d5b                __lock___sinit_recursive_mutex
                0x0000000020004d5c                __lock___malloc_recursive_mutex
                0x0000000020004d5d                __lock___at_quick_exit_mutex
                0x0000000020004d5e                __lock___dd_hash_mutex
                0x0000000020004d5f                __lock___tz_mutex
                0x0000000020004d60                __lock___sfp_recursive_mutex
                0x0000000020004d64                . = ALIGN (0x4)
 *fill*         0x0000000020004d61        0x3 
                0x0000000020004d64                _ebss = .
                0x0000000020004d64                __bss_end__ = _ebss

._user_heap_stack
                0x0000000020004d64      0x604 load address 0x000000000800aa68
                0x0000000020004d68                . = ALIGN (0x8)
 *fill*         0x0000000020004d64        0x4 
                [!provide]                        PROVIDE (end = .)
                0x0000000020004d68                PROVIDE (_end = .)
                0x0000000020004f68                . = (. + _Min_Heap_Size)
 *fill*         0x0000000020004d68      0x200 
                0x0000000020005368                . = (. + _Min_Stack_Size)
 *fill*         0x0000000020004f68      0x400 
                0x0000000020005368                . = ALIGN (0x8)

/DISCARD/
 libc.a(*)
 libm.a(*)
 libgcc.a(*)

.ARM.attributes
                0x0000000000000000       0x30
 *(.ARM.attributes)
 .ARM.attributes
                0x0000000000000000       0x1e c:/st/stm32cubeide_1.6.0/stm32cubeide/plugins/com.st.stm32cube.ide.mcu.externaltools.gnu-tools-for-stm32.9-2020-q2-update.win32_1.5.0.202011040924/tools/bin/../lib/gcc/arm-none-eabi/9.3.1/thumb/v7e-m+fp/hard/crti.o
 .ARM.attributes
                0x000000000000001e       0x34 c:/st/stm32cubeide_1.6.0/stm32cubeide/plugins/com.st.stm32cube.ide.mcu.externaltools.gnu-tools-for-stm32.9-2020-q2-update.win32_1.5.0.202011040924/tools/bin/../lib/gcc/arm-none-eabi/9.3.1/thumb/v7e-m+fp/hard/crtbegin.o
 .ARM.attributes
                0x0000000000000052       0x34 Core/Src/main.o
 .ARM.attributes
                0x0000000000000086       0x34 Core/Src/stm32f4xx_hal_msp.o
 .ARM.attributes
                0x00000000000000ba       0x34 Core/Src/stm32f4xx_hal_timebase_tim.o
 .ARM.attributes
                0x00000000000000ee       0x34 Core/Src/stm32f4xx_it.o
 .ARM.attributes
                0x0000000000000122       0x34 Core/Src/sysmem.o
 .ARM.attributes
                0x0000000000000156       0x34 Core/Src/system_stm32f4xx.o
 .ARM.attributes
                0x000000000000018a       0x21 Core/Startup/startup_stm32f407vgtx.o
 .ARM.attributes
                0x00000000000001ab       0x34 Drivers/STM32F4xx_HAL_Driver/Src/stm32f4xx_hal.o
 .ARM.attributes
                0x00000000000001df       0x34 Drivers/STM32F4xx_HAL_Driver/Src/stm32f4xx_hal_adc.o
 .ARM.attributes
                0x0000000000000213       0x34 Drivers/STM32F4xx_HAL_Driver/Src/stm32f4xx_hal_cortex.o
 .ARM.attributes
                0x0000000000000247       0x34 Drivers/STM32F4xx_HAL_Driver/Src/stm32f4xx_hal_dma.o
 .ARM.attributes
                0x000000000000027b       0x34 Drivers/STM32F4xx_HAL_Driver/Src/stm32f4xx_hal_gpio.o
 .ARM.attributes
                0x00000000000002af       0x34 Drivers/STM32F4xx_HAL_Driver/Src/stm32f4xx_hal_i2c.o
 .ARM.attributes
                0x00000000000002e3       0x34 Drivers/STM32F4xx_HAL_Driver/Src/stm32f4xx_hal_rcc.o
 .ARM.attributes
                0x0000000000000317       0x34 Drivers/STM32F4xx_HAL_Driver/Src/stm32f4xx_hal_tim.o
 .ARM.attributes
                0x000000000000034b       0x34 Drivers/STM32F4xx_HAL_Driver/Src/stm32f4xx_hal_tim_ex.o
 .ARM.attributes
                0x000000000000037f       0x34 Drivers/STM32F4xx_HAL_Driver/Src/stm32f4xx_hal_uart.o
 .ARM.attributes
                0x00000000000003b3       0x34 Middlewares/Third_Party/FreeRTOS/Source/CMSIS_RTOS_V2/cmsis_os2.o
 .ARM.attributes
                0x00000000000003e7       0x34 Middlewares/Third_Party/FreeRTOS/Source/list.o
 .ARM.attributes
                0x000000000000041b       0x34 Middlewares/Third_Party/FreeRTOS/Source/queue.o
 .ARM.attributes
                0x000000000000044f       0x34 Middlewares/Third_Party/FreeRTOS/Source/tasks.o
 .ARM.attributes
                0x0000000000000483       0x34 Middlewares/Third_Party/FreeRTOS/Source/timers.o
 .ARM.attributes
                0x00000000000004b7       0x34 Middlewares/Third_Party/FreeRTOS/Source/portable/GCC/ARM_CM4F/port.o
 .ARM.attributes
                0x00000000000004eb       0x34 Middlewares/Third_Party/FreeRTOS/Source/portable/MemMang/heap_4.o
 .ARM.attributes
                0x000000000000051f       0x34 analogValuesController/analogValuesController.o
 .ARM.attributes
                0x0000000000000553       0x34 buttonController/buttonController.o
 .ARM.attributes
                0x0000000000000587       0x34 lcdDriver/lcdDriverInterface.o
 .ARM.attributes
                0x00000000000005bb       0x34 lcdDriver/lcd_i2cModule.o
 .ARM.attributes
                0x00000000000005ef       0x34 motorDriverInterface/motorDriverInterface.o
 .ARM.attributes
                0x0000000000000623       0x34 taskManagerInterface/taskManagerInterface.o
 .ARM.attributes
                0x0000000000000657       0x34 c:/st/stm32cubeide_1.6.0/stm32cubeide/plugins/com.st.stm32cube.ide.mcu.externaltools.gnu-tools-for-stm32.9-2020-q2-update.win32_1.5.0.202011040924/tools/bin/../lib/gcc/arm-none-eabi/9.3.1/../../../../arm-none-eabi/lib/thumb/v7e-m+fp/hard\libc_nano.a(lib_a-errno.o)
 .ARM.attributes
                0x000000000000068b       0x32 c:/st/stm32cubeide_1.6.0/stm32cubeide/plugins/com.st.stm32cube.ide.mcu.externaltools.gnu-tools-for-stm32.9-2020-q2-update.win32_1.5.0.202011040924/tools/bin/../lib/gcc/arm-none-eabi/9.3.1/../../../../arm-none-eabi/lib/thumb/v7e-m+fp/hard\libc_nano.a(lib_a-impure.o)
 .ARM.attributes