main.c:94:5:main	8	static
main.c:180:6:SystemClock_Config	88	static
main.c:225:13:MX_ADC1_Init	24	static
main.c:284:13:MX_ADC2_Init	24	static
main.c:334:13:MX_I2C1_Init	8	static
main.c:368:13:MX_I2C2_Init	8	static
main.c:402:13:MX_TIM2_Init	32	static
main.c:447:13:MX_UART4_Init	8	static
main.c:480:13:MX_UART5_Init	8	static
main.c:513:13:MX_USART1_UART_Init	8	static
main.c:546:13:MX_GPIO_Init	56	static
main.c:583:6:StartDefaultTask	16	static
main.c:602:6:HAL_TIM_PeriodElapsedCallback	16	static
main.c:619:6:Error_Handler	4	static,ignoring_inline_asm
