main.c:94:5:main	8	static
main.c:180:6:SystemClock_Config	88	static
main.c:225:13:MX_ADC1_Init	24	static
main.c:275:13:MX_ADC2_Init	24	static
main.c:325:13:MX_I2C1_Init	8	static
main.c:359:13:MX_I2C2_Init	8	static
main.c:393:13:MX_TIM2_Init	32	static
main.c:438:13:MX_UART4_Init	8	static
main.c:471:13:MX_UART5_Init	8	static
main.c:504:13:MX_USART1_UART_Init	8	static
main.c:537:13:MX_GPIO_Init	56	static
main.c:574:6:StartDefaultTask	16	static
main.c:593:6:HAL_TIM_PeriodElapsedCallback	16	static
main.c:610:6:Error_Handler	4	static,ignoring_inline_asm
