buttonController.c:18:6:buttonCounterIncrease	8	static
buttonController.c:29:9:selectButton_Listenner_For_MenuControl	8	static
buttonController.c:43:9:plusButton_Listenner_For_MenuControl	8	static
buttonController.c:58:9:minusButton_Listenner_For_MenuControl	8	static
buttonController.c:70:6:btnParameterInit	8	static
buttonController.c:90:6:setDriver1AngleValue	16	static
buttonController.c:97:6:setDriver2AngleValue	16	static
buttonController.c:104:6:buttonController	8	static
buttonController.c:166:6:transmissionDriver1	24	static
buttonController.c:169:6:transmissionDriver2	24	static
buttonController.c:172:14:getDriver1TransmitVal	16	static
buttonController.c:175:15:getDriver2TransmitVal	16	static
buttonController.c:178:9:getSelectedLcdVal	4	static
buttonController.c:179:9:getSelectedLcdItemVal	4	static
